7月 26 19:59:32 shootsecond kernel: Linux version 6.4.0+ (shootfirst@shootsecond) (gcc (Ubuntu 11.3.0-1ubuntu1~22.04.1) 11.3.0, GNU ld (GNU Binutils for Ubuntu) 2.38) #173 SMP PREEMPT_DYNAMIC Wed Jul 26 19:57:46 CST 2023
7月 26 19:59:32 shootsecond kernel: Command line: BOOT_IMAGE=/boot/vmlinuz-6.4.0+ root=UUID=e9fd23a6-5967-45c8-a70e-9898c10ddb0b ro systemd.unified_cgroup_hierarchy=0 text
7月 26 19:59:32 shootsecond kernel: KERNEL supported cpus:
7月 26 19:59:32 shootsecond kernel:   Intel GenuineIntel
7月 26 19:59:32 shootsecond kernel:   AMD AuthenticAMD
7月 26 19:59:32 shootsecond kernel:   Hygon HygonGenuine
7月 26 19:59:32 shootsecond kernel:   Centaur CentaurHauls
7月 26 19:59:32 shootsecond kernel:   zhaoxin   Shanghai  
7月 26 19:59:32 shootsecond kernel: [Firmware Bug]: TSC doesn't count with P0 frequency!
7月 26 19:59:32 shootsecond kernel: BIOS-provided physical RAM map:
7月 26 19:59:32 shootsecond kernel: BIOS-e820: [mem 0x0000000000000000-0x000000000009e7ff] usable
7月 26 19:59:32 shootsecond kernel: BIOS-e820: [mem 0x000000000009e800-0x000000000009ffff] reserved
7月 26 19:59:32 shootsecond kernel: BIOS-e820: [mem 0x00000000000dc000-0x00000000000fffff] reserved
7月 26 19:59:32 shootsecond kernel: BIOS-e820: [mem 0x0000000000100000-0x00000000bfecffff] usable
7月 26 19:59:32 shootsecond kernel: BIOS-e820: [mem 0x00000000bfed0000-0x00000000bfefefff] ACPI data
7月 26 19:59:32 shootsecond kernel: BIOS-e820: [mem 0x00000000bfeff000-0x00000000bfefffff] ACPI NVS
7月 26 19:59:32 shootsecond kernel: BIOS-e820: [mem 0x00000000bff00000-0x00000000bfffffff] usable
7月 26 19:59:32 shootsecond kernel: BIOS-e820: [mem 0x00000000f0000000-0x00000000f7ffffff] reserved
7月 26 19:59:32 shootsecond kernel: BIOS-e820: [mem 0x00000000fec00000-0x00000000fec0ffff] reserved
7月 26 19:59:32 shootsecond kernel: BIOS-e820: [mem 0x00000000fee00000-0x00000000fee00fff] reserved
7月 26 19:59:32 shootsecond kernel: BIOS-e820: [mem 0x00000000fffe0000-0x00000000ffffffff] reserved
7月 26 19:59:32 shootsecond kernel: BIOS-e820: [mem 0x0000000100000000-0x000000023fffffff] usable
7月 26 19:59:32 shootsecond kernel: NX (Execute Disable) protection: active
7月 26 19:59:32 shootsecond kernel: SMBIOS 2.7 present.
7月 26 19:59:32 shootsecond kernel: DMI: VMware, Inc. VMware Virtual Platform/440BX Desktop Reference Platform, BIOS 6.00 11/12/2020
7月 26 19:59:32 shootsecond kernel: vmware: hypercall mode: 0x01
7月 26 19:59:32 shootsecond kernel: Hypervisor detected: VMware
7月 26 19:59:32 shootsecond kernel: vmware: TSC freq read from hypervisor : 2096.001 MHz
7月 26 19:59:32 shootsecond kernel: vmware: Host bus clock speed read from hypervisor : 66000000 Hz
7月 26 19:59:32 shootsecond kernel: vmware: using clock offset of 19609759141 ns
7月 26 19:59:32 shootsecond kernel: tsc: Detected 2096.001 MHz processor
7月 26 19:59:32 shootsecond kernel: e820: update [mem 0x00000000-0x00000fff] usable ==> reserved
7月 26 19:59:32 shootsecond kernel: e820: remove [mem 0x000a0000-0x000fffff] usable
7月 26 19:59:32 shootsecond kernel: last_pfn = 0x240000 max_arch_pfn = 0x400000000
7月 26 19:59:32 shootsecond kernel: total RAM covered: 261120M
7月 26 19:59:32 shootsecond kernel:  gran_size: 64K         chunk_size: 64K         num_reg: 8          lose cover RAM: 0G
7月 26 19:59:32 shootsecond kernel:  gran_size: 64K         chunk_size: 128K         num_reg: 8          lose cover RAM: 0G
7月 26 19:59:32 shootsecond kernel:  gran_size: 64K         chunk_size: 256K         num_reg: 8          lose cover RAM: 0G
7月 26 19:59:32 shootsecond kernel:  gran_size: 64K         chunk_size: 512K         num_reg: 8          lose cover RAM: 0G
7月 26 19:59:32 shootsecond kernel:  gran_size: 64K         chunk_size: 1M         num_reg: 8          lose cover RAM: 0G
7月 26 19:59:32 shootsecond kernel:  gran_size: 64K         chunk_size: 2M         num_reg: 8          lose cover RAM: 0G
7月 26 19:59:32 shootsecond kernel:  gran_size: 64K         chunk_size: 4M         num_reg: 8          lose cover RAM: 0G
7月 26 19:59:32 shootsecond kernel:  gran_size: 64K         chunk_size: 8M         num_reg: 8          lose cover RAM: 0G
7月 26 19:59:32 shootsecond kernel:  gran_size: 64K         chunk_size: 16M         num_reg: 8          lose cover RAM: 0G
7月 26 19:59:32 shootsecond kernel:  gran_size: 64K         chunk_size: 32M         num_reg: 8          lose cover RAM: 0G
7月 26 19:59:32 shootsecond kernel:  gran_size: 64K         chunk_size: 64M         num_reg: 8          lose cover RAM: 0G
7月 26 19:59:32 shootsecond kernel:  gran_size: 64K         chunk_size: 128M         num_reg: 8          lose cover RAM: 0G
7月 26 19:59:32 shootsecond kernel:  gran_size: 64K         chunk_size: 256M         num_reg: 8          lose cover RAM: 0G
7月 26 19:59:32 shootsecond kernel:  gran_size: 64K         chunk_size: 512M         num_reg: 8          lose cover RAM: 0G
7月 26 19:59:32 shootsecond kernel:  gran_size: 64K         chunk_size: 1G         num_reg: 8          lose cover RAM: 0G
7月 26 19:59:32 shootsecond kernel:  gran_size: 64K         chunk_size: 2G         num_reg: 8          lose cover RAM: 0G
7月 26 19:59:32 shootsecond kernel:  gran_size: 128K         chunk_size: 128K         num_reg: 8          lose cover RAM: 0G
7月 26 19:59:32 shootsecond kernel:  gran_size: 128K         chunk_size: 256K         num_reg: 8          lose cover RAM: 0G
7月 26 19:59:32 shootsecond kernel:  gran_size: 128K         chunk_size: 512K         num_reg: 8          lose cover RAM: 0G
7月 26 19:59:32 shootsecond kernel:  gran_size: 128K         chunk_size: 1M         num_reg: 8          lose cover RAM: 0G
7月 26 19:59:32 shootsecond kernel:  gran_size: 128K         chunk_size: 2M         num_reg: 8          lose cover RAM: 0G
7月 26 19:59:32 shootsecond kernel:  gran_size: 128K         chunk_size: 4M         num_reg: 8          lose cover RAM: 0G
7月 26 19:59:32 shootsecond kernel:  gran_size: 128K         chunk_size: 8M         num_reg: 8          lose cover RAM: 0G
7月 26 19:59:32 shootsecond kernel:  gran_size: 128K         chunk_size: 16M         num_reg: 8          lose cover RAM: 0G
7月 26 19:59:32 shootsecond kernel:  gran_size: 128K         chunk_size: 32M         num_reg: 8          lose cover RAM: 0G
7月 26 19:59:32 shootsecond kernel:  gran_size: 128K         chunk_size: 64M         num_reg: 8          lose cover RAM: 0G
7月 26 19:59:32 shootsecond kernel:  gran_size: 128K         chunk_size: 128M         num_reg: 8          lose cover RAM: 0G
7月 26 19:59:32 shootsecond kernel:  gran_size: 128K         chunk_size: 256M         num_reg: 8          lose cover RAM: 0G
7月 26 19:59:32 shootsecond kernel:  gran_size: 128K         chunk_size: 512M         num_reg: 8          lose cover RAM: 0G
7月 26 19:59:32 shootsecond kernel:  gran_size: 128K         chunk_size: 1G         num_reg: 8          lose cover RAM: 0G
7月 26 19:59:32 shootsecond kernel:  gran_size: 128K         chunk_size: 2G         num_reg: 8          lose cover RAM: 0G
7月 26 19:59:32 shootsecond kernel:  gran_size: 256K         chunk_size: 256K         num_reg: 8          lose cover RAM: 0G
7月 26 19:59:32 shootsecond kernel:  gran_size: 256K         chunk_size: 512K         num_reg: 8          lose cover RAM: 0G
7月 26 19:59:32 shootsecond kernel:  gran_size: 256K         chunk_size: 1M         num_reg: 8          lose cover RAM: 0G
7月 26 19:59:32 shootsecond kernel:  gran_size: 256K         chunk_size: 2M         num_reg: 8          lose cover RAM: 0G
7月 26 19:59:32 shootsecond kernel:  gran_size: 256K         chunk_size: 4M         num_reg: 8          lose cover RAM: 0G
7月 26 19:59:32 shootsecond kernel:  gran_size: 256K         chunk_size: 8M         num_reg: 8          lose cover RAM: 0G
7月 26 19:59:32 shootsecond kernel:  gran_size: 256K         chunk_size: 16M         num_reg: 8          lose cover RAM: 0G
7月 26 19:59:32 shootsecond kernel:  gran_size: 256K         chunk_size: 32M         num_reg: 8          lose cover RAM: 0G
7月 26 19:59:32 shootsecond kernel:  gran_size: 256K         chunk_size: 64M         num_reg: 8          lose cover RAM: 0G
7月 26 19:59:32 shootsecond kernel:  gran_size: 256K         chunk_size: 128M         num_reg: 8          lose cover RAM: 0G
7月 26 19:59:32 shootsecond kernel:  gran_size: 256K         chunk_size: 256M         num_reg: 8          lose cover RAM: 0G
7月 26 19:59:32 shootsecond kernel:  gran_size: 256K         chunk_size: 512M         num_reg: 8          lose cover RAM: 0G
7月 26 19:59:32 shootsecond kernel:  gran_size: 256K         chunk_size: 1G         num_reg: 8          lose cover RAM: 0G
7月 26 19:59:32 shootsecond kernel:  gran_size: 256K         chunk_size: 2G         num_reg: 8          lose cover RAM: 0G
7月 26 19:59:32 shootsecond kernel:  gran_size: 512K         chunk_size: 512K         num_reg: 8          lose cover RAM: 0G
7月 26 19:59:32 shootsecond kernel:  gran_size: 512K         chunk_size: 1M         num_reg: 8          lose cover RAM: 0G
7月 26 19:59:32 shootsecond kernel:  gran_size: 512K         chunk_size: 2M         num_reg: 8          lose cover RAM: 0G
7月 26 19:59:32 shootsecond kernel:  gran_size: 512K         chunk_size: 4M         num_reg: 8          lose cover RAM: 0G
7月 26 19:59:32 shootsecond kernel:  gran_size: 512K         chunk_size: 8M         num_reg: 8          lose cover RAM: 0G
7月 26 19:59:32 shootsecond kernel:  gran_size: 512K         chunk_size: 16M         num_reg: 8          lose cover RAM: 0G
7月 26 19:59:32 shootsecond kernel:  gran_size: 512K         chunk_size: 32M         num_reg: 8          lose cover RAM: 0G
7月 26 19:59:32 shootsecond kernel:  gran_size: 512K         chunk_size: 64M         num_reg: 8          lose cover RAM: 0G
7月 26 19:59:32 shootsecond kernel:  gran_size: 512K         chunk_size: 128M         num_reg: 8          lose cover RAM: 0G
7月 26 19:59:32 shootsecond kernel:  gran_size: 512K         chunk_size: 256M         num_reg: 8          lose cover RAM: 0G
7月 26 19:59:32 shootsecond kernel:  gran_size: 512K         chunk_size: 512M         num_reg: 8          lose cover RAM: 0G
7月 26 19:59:32 shootsecond kernel:  gran_size: 512K         chunk_size: 1G         num_reg: 8          lose cover RAM: 0G
7月 26 19:59:32 shootsecond kernel:  gran_size: 512K         chunk_size: 2G         num_reg: 8          lose cover RAM: 0G
7月 26 19:59:32 shootsecond kernel:  gran_size: 1M         chunk_size: 1M         num_reg: 8          lose cover RAM: 0G
7月 26 19:59:32 shootsecond kernel:  gran_size: 1M         chunk_size: 2M         num_reg: 8          lose cover RAM: 0G
7月 26 19:59:32 shootsecond kernel:  gran_size: 1M         chunk_size: 4M         num_reg: 8          lose cover RAM: 0G
7月 26 19:59:32 shootsecond kernel:  gran_size: 1M         chunk_size: 8M         num_reg: 8          lose cover RAM: 0G
7月 26 19:59:32 shootsecond kernel:  gran_size: 1M         chunk_size: 16M         num_reg: 8          lose cover RAM: 0G
7月 26 19:59:32 shootsecond kernel:  gran_size: 1M         chunk_size: 32M         num_reg: 8          lose cover RAM: 0G
7月 26 19:59:32 shootsecond kernel:  gran_size: 1M         chunk_size: 64M         num_reg: 8          lose cover RAM: 0G
7月 26 19:59:32 shootsecond kernel:  gran_size: 1M         chunk_size: 128M         num_reg: 8          lose cover RAM: 0G
7月 26 19:59:32 shootsecond kernel:  gran_size: 1M         chunk_size: 256M         num_reg: 8          lose cover RAM: 0G
7月 26 19:59:32 shootsecond kernel:  gran_size: 1M         chunk_size: 512M         num_reg: 8          lose cover RAM: 0G
7月 26 19:59:32 shootsecond kernel:  gran_size: 1M         chunk_size: 1G         num_reg: 8          lose cover RAM: 0G
7月 26 19:59:32 shootsecond kernel:  gran_size: 1M         chunk_size: 2G         num_reg: 8          lose cover RAM: 0G
7月 26 19:59:32 shootsecond kernel:  gran_size: 2M         chunk_size: 2M         num_reg: 8          lose cover RAM: 0G
7月 26 19:59:32 shootsecond kernel:  gran_size: 2M         chunk_size: 4M         num_reg: 8          lose cover RAM: 0G
7月 26 19:59:32 shootsecond kernel:  gran_size: 2M         chunk_size: 8M         num_reg: 8          lose cover RAM: 0G
7月 26 19:59:32 shootsecond kernel:  gran_size: 2M         chunk_size: 16M         num_reg: 8          lose cover RAM: 0G
7月 26 19:59:32 shootsecond kernel:  gran_size: 2M         chunk_size: 32M         num_reg: 8          lose cover RAM: 0G
7月 26 19:59:32 shootsecond kernel:  gran_size: 2M         chunk_size: 64M         num_reg: 8          lose cover RAM: 0G
7月 26 19:59:32 shootsecond kernel:  gran_size: 2M         chunk_size: 128M         num_reg: 8          lose cover RAM: 0G
7月 26 19:59:32 shootsecond kernel:  gran_size: 2M         chunk_size: 256M         num_reg: 8          lose cover RAM: 0G
7月 26 19:59:32 shootsecond kernel:  gran_size: 2M         chunk_size: 512M         num_reg: 8          lose cover RAM: 0G
7月 26 19:59:32 shootsecond kernel:  gran_size: 2M         chunk_size: 1G         num_reg: 8          lose cover RAM: 0G
7月 26 19:59:32 shootsecond kernel:  gran_size: 2M         chunk_size: 2G         num_reg: 8          lose cover RAM: 0G
7月 26 19:59:32 shootsecond kernel:  gran_size: 4M         chunk_size: 4M         num_reg: 8          lose cover RAM: 0G
7月 26 19:59:32 shootsecond kernel:  gran_size: 4M         chunk_size: 8M         num_reg: 8          lose cover RAM: 0G
7月 26 19:59:32 shootsecond kernel:  gran_size: 4M         chunk_size: 16M         num_reg: 8          lose cover RAM: 0G
7月 26 19:59:32 shootsecond kernel:  gran_size: 4M         chunk_size: 32M         num_reg: 8          lose cover RAM: 0G
7月 26 19:59:32 shootsecond kernel:  gran_size: 4M         chunk_size: 64M         num_reg: 8          lose cover RAM: 0G
7月 26 19:59:32 shootsecond kernel:  gran_size: 4M         chunk_size: 128M         num_reg: 8          lose cover RAM: 0G
7月 26 19:59:32 shootsecond kernel:  gran_size: 4M         chunk_size: 256M         num_reg: 8          lose cover RAM: 0G
7月 26 19:59:32 shootsecond kernel:  gran_size: 4M         chunk_size: 512M         num_reg: 8          lose cover RAM: 0G
7月 26 19:59:32 shootsecond kernel:  gran_size: 4M         chunk_size: 1G         num_reg: 8          lose cover RAM: 0G
7月 26 19:59:32 shootsecond kernel:  gran_size: 4M         chunk_size: 2G         num_reg: 8          lose cover RAM: 0G
7月 26 19:59:32 shootsecond kernel:  gran_size: 8M         chunk_size: 8M         num_reg: 8          lose cover RAM: 0G
7月 26 19:59:32 shootsecond kernel:  gran_size: 8M         chunk_size: 16M         num_reg: 8          lose cover RAM: 0G
7月 26 19:59:32 shootsecond kernel:  gran_size: 8M         chunk_size: 32M         num_reg: 8          lose cover RAM: 0G
7月 26 19:59:32 shootsecond kernel:  gran_size: 8M         chunk_size: 64M         num_reg: 8          lose cover RAM: 0G
7月 26 19:59:32 shootsecond kernel:  gran_size: 8M         chunk_size: 128M         num_reg: 8          lose cover RAM: 0G
7月 26 19:59:32 shootsecond kernel:  gran_size: 8M         chunk_size: 256M         num_reg: 8          lose cover RAM: 0G
7月 26 19:59:32 shootsecond kernel:  gran_size: 8M         chunk_size: 512M         num_reg: 8          lose cover RAM: 0G
7月 26 19:59:32 shootsecond kernel:  gran_size: 8M         chunk_size: 1G         num_reg: 8          lose cover RAM: 0G
7月 26 19:59:32 shootsecond kernel:  gran_size: 8M         chunk_size: 2G         num_reg: 8          lose cover RAM: 0G
7月 26 19:59:32 shootsecond kernel:  gran_size: 16M         chunk_size: 16M         num_reg: 8          lose cover RAM: 0G
7月 26 19:59:32 shootsecond kernel:  gran_size: 16M         chunk_size: 32M         num_reg: 8          lose cover RAM: 0G
7月 26 19:59:32 shootsecond kernel:  gran_size: 16M         chunk_size: 64M         num_reg: 8          lose cover RAM: 0G
7月 26 19:59:32 shootsecond kernel:  gran_size: 16M         chunk_size: 128M         num_reg: 8          lose cover RAM: 0G
7月 26 19:59:32 shootsecond kernel:  gran_size: 16M         chunk_size: 256M         num_reg: 8          lose cover RAM: 0G
7月 26 19:59:32 shootsecond kernel:  gran_size: 16M         chunk_size: 512M         num_reg: 8          lose cover RAM: 0G
7月 26 19:59:32 shootsecond kernel:  gran_size: 16M         chunk_size: 1G         num_reg: 8          lose cover RAM: 0G
7月 26 19:59:32 shootsecond kernel:  gran_size: 16M         chunk_size: 2G         num_reg: 8          lose cover RAM: 0G
7月 26 19:59:32 shootsecond kernel:  gran_size: 32M         chunk_size: 32M         num_reg: 8          lose cover RAM: 0G
7月 26 19:59:32 shootsecond kernel:  gran_size: 32M         chunk_size: 64M         num_reg: 8          lose cover RAM: 0G
7月 26 19:59:32 shootsecond kernel:  gran_size: 32M         chunk_size: 128M         num_reg: 8          lose cover RAM: 0G
7月 26 19:59:32 shootsecond kernel:  gran_size: 32M         chunk_size: 256M         num_reg: 8          lose cover RAM: 0G
7月 26 19:59:32 shootsecond kernel:  gran_size: 32M         chunk_size: 512M         num_reg: 8          lose cover RAM: 0G
7月 26 19:59:32 shootsecond kernel:  gran_size: 32M         chunk_size: 1G         num_reg: 8          lose cover RAM: 0G
7月 26 19:59:32 shootsecond kernel:  gran_size: 32M         chunk_size: 2G         num_reg: 8          lose cover RAM: 0G
7月 26 19:59:32 shootsecond kernel:  gran_size: 64M         chunk_size: 64M         num_reg: 8          lose cover RAM: 0G
7月 26 19:59:32 shootsecond kernel:  gran_size: 64M         chunk_size: 128M         num_reg: 8          lose cover RAM: 0G
7月 26 19:59:32 shootsecond kernel:  gran_size: 64M         chunk_size: 256M         num_reg: 8          lose cover RAM: 0G
7月 26 19:59:32 shootsecond kernel:  gran_size: 64M         chunk_size: 512M         num_reg: 8          lose cover RAM: 0G
7月 26 19:59:32 shootsecond kernel:  gran_size: 64M         chunk_size: 1G         num_reg: 8          lose cover RAM: 0G
7月 26 19:59:32 shootsecond kernel:  gran_size: 64M         chunk_size: 2G         num_reg: 8          lose cover RAM: 0G
7月 26 19:59:32 shootsecond kernel:  gran_size: 128M         chunk_size: 128M         num_reg: 8          lose cover RAM: 0G
7月 26 19:59:32 shootsecond kernel:  gran_size: 128M         chunk_size: 256M         num_reg: 8          lose cover RAM: 0G
7月 26 19:59:32 shootsecond kernel:  gran_size: 128M         chunk_size: 512M         num_reg: 8          lose cover RAM: 0G
7月 26 19:59:32 shootsecond kernel:  gran_size: 128M         chunk_size: 1G         num_reg: 8          lose cover RAM: 0G
7月 26 19:59:32 shootsecond kernel:  gran_size: 128M         chunk_size: 2G         num_reg: 8          lose cover RAM: 0G
7月 26 19:59:32 shootsecond kernel:  gran_size: 256M         chunk_size: 256M         num_reg: 8          lose cover RAM: 0G
7月 26 19:59:32 shootsecond kernel:  gran_size: 256M         chunk_size: 512M         num_reg: 8          lose cover RAM: 0G
7月 26 19:59:32 shootsecond kernel:  gran_size: 256M         chunk_size: 1G         num_reg: 8          lose cover RAM: 0G
7月 26 19:59:32 shootsecond kernel:  gran_size: 256M         chunk_size: 2G         num_reg: 8          lose cover RAM: 0G
7月 26 19:59:32 shootsecond kernel:  gran_size: 512M         chunk_size: 512M         num_reg: 8          lose cover RAM: 0G
7月 26 19:59:32 shootsecond kernel:  gran_size: 512M         chunk_size: 1G         num_reg: 8          lose cover RAM: 0G
7月 26 19:59:32 shootsecond kernel:  gran_size: 512M         chunk_size: 2G         num_reg: 8          lose cover RAM: 0G
7月 26 19:59:32 shootsecond kernel:  gran_size: 1G         chunk_size: 1G         num_reg: 8          lose cover RAM: 0G
7月 26 19:59:32 shootsecond kernel:  gran_size: 1G         chunk_size: 2G         num_reg: 8          lose cover RAM: 0G
7月 26 19:59:32 shootsecond kernel:  gran_size: 2G         chunk_size: 2G         num_reg: 7          lose cover RAM: 1G
7月 26 19:59:32 shootsecond kernel: mtrr_cleanup: can not find optimal value
7月 26 19:59:32 shootsecond kernel: please specify mtrr_gran_size/mtrr_chunk_size
7月 26 19:59:32 shootsecond kernel: MTRR map: 8 entries (5 fixed + 3 variable; max 21), built from 8 variable MTRRs
7月 26 19:59:32 shootsecond kernel: x86/PAT: Configuration [0-7]: WB  WC  UC- UC  WB  WP  UC- WT  
7月 26 19:59:32 shootsecond kernel: e820: update [mem 0xc0000000-0xffffffff] usable ==> reserved
7月 26 19:59:32 shootsecond kernel: last_pfn = 0xc0000 max_arch_pfn = 0x400000000
7月 26 19:59:32 shootsecond kernel: found SMP MP-table at [mem 0x000f6a70-0x000f6a7f]
7月 26 19:59:32 shootsecond kernel: Using GB pages for direct mapping
7月 26 19:59:32 shootsecond kernel: RAMDISK: [mem 0x35655000-0x36b21fff]
7月 26 19:59:32 shootsecond kernel: ACPI: Early table checksum verification disabled
7月 26 19:59:32 shootsecond kernel: ACPI: RSDP 0x00000000000F6A00 000024 (v02 PTLTD )
7月 26 19:59:32 shootsecond kernel: ACPI: XSDT 0x00000000BFEDB633 00005C (v01 INTEL  440BX    06040000 VMW  01324272)
7月 26 19:59:32 shootsecond kernel: ACPI: FACP 0x00000000BFEFEE73 0000F4 (v04 INTEL  440BX    06040000 PTL  000F4240)
7月 26 19:59:32 shootsecond kernel: ACPI: DSDT 0x00000000BFEDD001 021E72 (v01 PTLTD  Custom   06040000 MSFT 03000001)
7月 26 19:59:32 shootsecond kernel: ACPI: FACS 0x00000000BFEFFFC0 000040
7月 26 19:59:32 shootsecond kernel: ACPI: FACS 0x00000000BFEFFFC0 000040
7月 26 19:59:32 shootsecond kernel: ACPI: BOOT 0x00000000BFEDCFB4 000028 (v01 PTLTD  $SBFTBL$ 06040000  LTP 00000001)
7月 26 19:59:32 shootsecond kernel: ACPI: APIC 0x00000000BFEDC872 000742 (v01 PTLTD  ? APIC   06040000  LTP 00000000)
7月 26 19:59:32 shootsecond kernel: ACPI: MCFG 0x00000000BFEDC836 00003C (v01 PTLTD  $PCITBL$ 06040000  LTP 00000001)
7月 26 19:59:32 shootsecond kernel: ACPI: SRAT 0x00000000BFEDB72F 0008D0 (v02 VMWARE MEMPLUG  06040000 VMW  00000001)
7月 26 19:59:32 shootsecond kernel: ACPI: HPET 0x00000000BFEDB6F7 000038 (v01 VMWARE VMW HPET 06040000 VMW  00000001)
7月 26 19:59:32 shootsecond kernel: ACPI: WAET 0x00000000BFEDB6CF 000028 (v01 VMWARE VMW WAET 06040000 VMW  00000001)
7月 26 19:59:32 shootsecond kernel: ACPI: Reserving FACP table memory at [mem 0xbfefee73-0xbfefef66]
7月 26 19:59:32 shootsecond kernel: ACPI: Reserving DSDT table memory at [mem 0xbfedd001-0xbfefee72]
7月 26 19:59:32 shootsecond kernel: ACPI: Reserving FACS table memory at [mem 0xbfefffc0-0xbfefffff]
7月 26 19:59:32 shootsecond kernel: ACPI: Reserving FACS table memory at [mem 0xbfefffc0-0xbfefffff]
7月 26 19:59:32 shootsecond kernel: ACPI: Reserving BOOT table memory at [mem 0xbfedcfb4-0xbfedcfdb]
7月 26 19:59:32 shootsecond kernel: ACPI: Reserving APIC table memory at [mem 0xbfedc872-0xbfedcfb3]
7月 26 19:59:32 shootsecond kernel: ACPI: Reserving MCFG table memory at [mem 0xbfedc836-0xbfedc871]
7月 26 19:59:32 shootsecond kernel: ACPI: Reserving SRAT table memory at [mem 0xbfedb72f-0xbfedbffe]
7月 26 19:59:32 shootsecond kernel: ACPI: Reserving HPET table memory at [mem 0xbfedb6f7-0xbfedb72e]
7月 26 19:59:32 shootsecond kernel: ACPI: Reserving WAET table memory at [mem 0xbfedb6cf-0xbfedb6f6]
7月 26 19:59:32 shootsecond kernel: system APIC only can use physical flat
7月 26 19:59:32 shootsecond kernel: Setting APIC routing to physical flat.
7月 26 19:59:32 shootsecond kernel: SRAT: PXM 0 -> APIC 0x00 -> Node 0
7月 26 19:59:32 shootsecond kernel: SRAT: PXM 0 -> APIC 0x02 -> Node 0
7月 26 19:59:32 shootsecond kernel: SRAT: PXM 0 -> APIC 0x04 -> Node 0
7月 26 19:59:32 shootsecond kernel: SRAT: PXM 0 -> APIC 0x06 -> Node 0
7月 26 19:59:32 shootsecond kernel: SRAT: PXM 0 -> APIC 0x08 -> Node 0
7月 26 19:59:32 shootsecond kernel: SRAT: PXM 0 -> APIC 0x0a -> Node 0
7月 26 19:59:32 shootsecond kernel: SRAT: PXM 0 -> APIC 0x0c -> Node 0
7月 26 19:59:32 shootsecond kernel: SRAT: PXM 0 -> APIC 0x0e -> Node 0
7月 26 19:59:32 shootsecond kernel: SRAT: PXM 0 -> APIC 0x10 -> Node 0
7月 26 19:59:32 shootsecond kernel: SRAT: PXM 0 -> APIC 0x12 -> Node 0
7月 26 19:59:32 shootsecond kernel: SRAT: PXM 0 -> APIC 0x14 -> Node 0
7月 26 19:59:32 shootsecond kernel: SRAT: PXM 0 -> APIC 0x16 -> Node 0
7月 26 19:59:32 shootsecond kernel: SRAT: PXM 0 -> APIC 0x18 -> Node 0
7月 26 19:59:32 shootsecond kernel: SRAT: PXM 0 -> APIC 0x1a -> Node 0
7月 26 19:59:32 shootsecond kernel: SRAT: PXM 0 -> APIC 0x1c -> Node 0
7月 26 19:59:32 shootsecond kernel: SRAT: PXM 0 -> APIC 0x1e -> Node 0
7月 26 19:59:32 shootsecond kernel: SRAT: PXM 0 -> APIC 0x20 -> Node 0
7月 26 19:59:32 shootsecond kernel: SRAT: PXM 0 -> APIC 0x22 -> Node 0
7月 26 19:59:32 shootsecond kernel: SRAT: PXM 0 -> APIC 0x24 -> Node 0
7月 26 19:59:32 shootsecond kernel: SRAT: PXM 0 -> APIC 0x26 -> Node 0
7月 26 19:59:32 shootsecond kernel: SRAT: PXM 0 -> APIC 0x28 -> Node 0
7月 26 19:59:32 shootsecond kernel: SRAT: PXM 0 -> APIC 0x2a -> Node 0
7月 26 19:59:32 shootsecond kernel: SRAT: PXM 0 -> APIC 0x2c -> Node 0
7月 26 19:59:32 shootsecond kernel: SRAT: PXM 0 -> APIC 0x2e -> Node 0
7月 26 19:59:32 shootsecond kernel: SRAT: PXM 0 -> APIC 0x30 -> Node 0
7月 26 19:59:32 shootsecond kernel: SRAT: PXM 0 -> APIC 0x32 -> Node 0
7月 26 19:59:32 shootsecond kernel: SRAT: PXM 0 -> APIC 0x34 -> Node 0
7月 26 19:59:32 shootsecond kernel: SRAT: PXM 0 -> APIC 0x36 -> Node 0
7月 26 19:59:32 shootsecond kernel: SRAT: PXM 0 -> APIC 0x38 -> Node 0
7月 26 19:59:32 shootsecond kernel: SRAT: PXM 0 -> APIC 0x3a -> Node 0
7月 26 19:59:32 shootsecond kernel: SRAT: PXM 0 -> APIC 0x3c -> Node 0
7月 26 19:59:32 shootsecond kernel: SRAT: PXM 0 -> APIC 0x3e -> Node 0
7月 26 19:59:32 shootsecond kernel: SRAT: PXM 0 -> APIC 0x40 -> Node 0
7月 26 19:59:32 shootsecond kernel: SRAT: PXM 0 -> APIC 0x42 -> Node 0
7月 26 19:59:32 shootsecond kernel: SRAT: PXM 0 -> APIC 0x44 -> Node 0
7月 26 19:59:32 shootsecond kernel: SRAT: PXM 0 -> APIC 0x46 -> Node 0
7月 26 19:59:32 shootsecond kernel: SRAT: PXM 0 -> APIC 0x48 -> Node 0
7月 26 19:59:32 shootsecond kernel: SRAT: PXM 0 -> APIC 0x4a -> Node 0
7月 26 19:59:32 shootsecond kernel: SRAT: PXM 0 -> APIC 0x4c -> Node 0
7月 26 19:59:32 shootsecond kernel: SRAT: PXM 0 -> APIC 0x4e -> Node 0
7月 26 19:59:32 shootsecond kernel: SRAT: PXM 0 -> APIC 0x50 -> Node 0
7月 26 19:59:32 shootsecond kernel: SRAT: PXM 0 -> APIC 0x52 -> Node 0
7月 26 19:59:32 shootsecond kernel: SRAT: PXM 0 -> APIC 0x54 -> Node 0
7月 26 19:59:32 shootsecond kernel: SRAT: PXM 0 -> APIC 0x56 -> Node 0
7月 26 19:59:32 shootsecond kernel: SRAT: PXM 0 -> APIC 0x58 -> Node 0
7月 26 19:59:32 shootsecond kernel: SRAT: PXM 0 -> APIC 0x5a -> Node 0
7月 26 19:59:32 shootsecond kernel: SRAT: PXM 0 -> APIC 0x5c -> Node 0
7月 26 19:59:32 shootsecond kernel: SRAT: PXM 0 -> APIC 0x5e -> Node 0
7月 26 19:59:32 shootsecond kernel: SRAT: PXM 0 -> APIC 0x60 -> Node 0
7月 26 19:59:32 shootsecond kernel: SRAT: PXM 0 -> APIC 0x62 -> Node 0
7月 26 19:59:32 shootsecond kernel: SRAT: PXM 0 -> APIC 0x64 -> Node 0
7月 26 19:59:32 shootsecond kernel: SRAT: PXM 0 -> APIC 0x66 -> Node 0
7月 26 19:59:32 shootsecond kernel: SRAT: PXM 0 -> APIC 0x68 -> Node 0
7月 26 19:59:32 shootsecond kernel: SRAT: PXM 0 -> APIC 0x6a -> Node 0
7月 26 19:59:32 shootsecond kernel: SRAT: PXM 0 -> APIC 0x6c -> Node 0
7月 26 19:59:32 shootsecond kernel: SRAT: PXM 0 -> APIC 0x6e -> Node 0
7月 26 19:59:32 shootsecond kernel: SRAT: PXM 0 -> APIC 0x70 -> Node 0
7月 26 19:59:32 shootsecond kernel: SRAT: PXM 0 -> APIC 0x72 -> Node 0
7月 26 19:59:32 shootsecond kernel: SRAT: PXM 0 -> APIC 0x74 -> Node 0
7月 26 19:59:32 shootsecond kernel: SRAT: PXM 0 -> APIC 0x76 -> Node 0
7月 26 19:59:32 shootsecond kernel: SRAT: PXM 0 -> APIC 0x78 -> Node 0
7月 26 19:59:32 shootsecond kernel: SRAT: PXM 0 -> APIC 0x7a -> Node 0
7月 26 19:59:32 shootsecond kernel: SRAT: PXM 0 -> APIC 0x7c -> Node 0
7月 26 19:59:32 shootsecond kernel: SRAT: PXM 0 -> APIC 0x7e -> Node 0
7月 26 19:59:32 shootsecond kernel: SRAT: PXM 0 -> APIC 0x80 -> Node 0
7月 26 19:59:32 shootsecond kernel: SRAT: PXM 0 -> APIC 0x82 -> Node 0
7月 26 19:59:32 shootsecond kernel: SRAT: PXM 0 -> APIC 0x84 -> Node 0
7月 26 19:59:32 shootsecond kernel: SRAT: PXM 0 -> APIC 0x86 -> Node 0
7月 26 19:59:32 shootsecond kernel: SRAT: PXM 0 -> APIC 0x88 -> Node 0
7月 26 19:59:32 shootsecond kernel: SRAT: PXM 0 -> APIC 0x8a -> Node 0
7月 26 19:59:32 shootsecond kernel: SRAT: PXM 0 -> APIC 0x8c -> Node 0
7月 26 19:59:32 shootsecond kernel: SRAT: PXM 0 -> APIC 0x8e -> Node 0
7月 26 19:59:32 shootsecond kernel: SRAT: PXM 0 -> APIC 0x90 -> Node 0
7月 26 19:59:32 shootsecond kernel: SRAT: PXM 0 -> APIC 0x92 -> Node 0
7月 26 19:59:32 shootsecond kernel: SRAT: PXM 0 -> APIC 0x94 -> Node 0
7月 26 19:59:32 shootsecond kernel: SRAT: PXM 0 -> APIC 0x96 -> Node 0
7月 26 19:59:32 shootsecond kernel: SRAT: PXM 0 -> APIC 0x98 -> Node 0
7月 26 19:59:32 shootsecond kernel: SRAT: PXM 0 -> APIC 0x9a -> Node 0
7月 26 19:59:32 shootsecond kernel: SRAT: PXM 0 -> APIC 0x9c -> Node 0
7月 26 19:59:32 shootsecond kernel: SRAT: PXM 0 -> APIC 0x9e -> Node 0
7月 26 19:59:32 shootsecond kernel: SRAT: PXM 0 -> APIC 0xa0 -> Node 0
7月 26 19:59:32 shootsecond kernel: SRAT: PXM 0 -> APIC 0xa2 -> Node 0
7月 26 19:59:32 shootsecond kernel: SRAT: PXM 0 -> APIC 0xa4 -> Node 0
7月 26 19:59:32 shootsecond kernel: SRAT: PXM 0 -> APIC 0xa6 -> Node 0
7月 26 19:59:32 shootsecond kernel: SRAT: PXM 0 -> APIC 0xa8 -> Node 0
7月 26 19:59:32 shootsecond kernel: SRAT: PXM 0 -> APIC 0xaa -> Node 0
7月 26 19:59:32 shootsecond kernel: SRAT: PXM 0 -> APIC 0xac -> Node 0
7月 26 19:59:32 shootsecond kernel: SRAT: PXM 0 -> APIC 0xae -> Node 0
7月 26 19:59:32 shootsecond kernel: SRAT: PXM 0 -> APIC 0xb0 -> Node 0
7月 26 19:59:32 shootsecond kernel: SRAT: PXM 0 -> APIC 0xb2 -> Node 0
7月 26 19:59:32 shootsecond kernel: SRAT: PXM 0 -> APIC 0xb4 -> Node 0
7月 26 19:59:32 shootsecond kernel: SRAT: PXM 0 -> APIC 0xb6 -> Node 0
7月 26 19:59:32 shootsecond kernel: SRAT: PXM 0 -> APIC 0xb8 -> Node 0
7月 26 19:59:32 shootsecond kernel: SRAT: PXM 0 -> APIC 0xba -> Node 0
7月 26 19:59:32 shootsecond kernel: SRAT: PXM 0 -> APIC 0xbc -> Node 0
7月 26 19:59:32 shootsecond kernel: SRAT: PXM 0 -> APIC 0xbe -> Node 0
7月 26 19:59:32 shootsecond kernel: SRAT: PXM 0 -> APIC 0xc0 -> Node 0
7月 26 19:59:32 shootsecond kernel: SRAT: PXM 0 -> APIC 0xc2 -> Node 0
7月 26 19:59:32 shootsecond kernel: SRAT: PXM 0 -> APIC 0xc4 -> Node 0
7月 26 19:59:32 shootsecond kernel: SRAT: PXM 0 -> APIC 0xc6 -> Node 0
7月 26 19:59:32 shootsecond kernel: SRAT: PXM 0 -> APIC 0xc8 -> Node 0
7月 26 19:59:32 shootsecond kernel: SRAT: PXM 0 -> APIC 0xca -> Node 0
7月 26 19:59:32 shootsecond kernel: SRAT: PXM 0 -> APIC 0xcc -> Node 0
7月 26 19:59:32 shootsecond kernel: SRAT: PXM 0 -> APIC 0xce -> Node 0
7月 26 19:59:32 shootsecond kernel: SRAT: PXM 0 -> APIC 0xd0 -> Node 0
7月 26 19:59:32 shootsecond kernel: SRAT: PXM 0 -> APIC 0xd2 -> Node 0
7月 26 19:59:32 shootsecond kernel: SRAT: PXM 0 -> APIC 0xd4 -> Node 0
7月 26 19:59:32 shootsecond kernel: SRAT: PXM 0 -> APIC 0xd6 -> Node 0
7月 26 19:59:32 shootsecond kernel: SRAT: PXM 0 -> APIC 0xd8 -> Node 0
7月 26 19:59:32 shootsecond kernel: SRAT: PXM 0 -> APIC 0xda -> Node 0
7月 26 19:59:32 shootsecond kernel: SRAT: PXM 0 -> APIC 0xdc -> Node 0
7月 26 19:59:32 shootsecond kernel: SRAT: PXM 0 -> APIC 0xde -> Node 0
7月 26 19:59:32 shootsecond kernel: SRAT: PXM 0 -> APIC 0xe0 -> Node 0
7月 26 19:59:32 shootsecond kernel: SRAT: PXM 0 -> APIC 0xe2 -> Node 0
7月 26 19:59:32 shootsecond kernel: SRAT: PXM 0 -> APIC 0xe4 -> Node 0
7月 26 19:59:32 shootsecond kernel: SRAT: PXM 0 -> APIC 0xe6 -> Node 0
7月 26 19:59:32 shootsecond kernel: SRAT: PXM 0 -> APIC 0xe8 -> Node 0
7月 26 19:59:32 shootsecond kernel: SRAT: PXM 0 -> APIC 0xea -> Node 0
7月 26 19:59:32 shootsecond kernel: SRAT: PXM 0 -> APIC 0xec -> Node 0
7月 26 19:59:32 shootsecond kernel: SRAT: PXM 0 -> APIC 0xee -> Node 0
7月 26 19:59:32 shootsecond kernel: SRAT: PXM 0 -> APIC 0xf0 -> Node 0
7月 26 19:59:32 shootsecond kernel: SRAT: PXM 0 -> APIC 0xf2 -> Node 0
7月 26 19:59:32 shootsecond kernel: SRAT: PXM 0 -> APIC 0xf4 -> Node 0
7月 26 19:59:32 shootsecond kernel: SRAT: PXM 0 -> APIC 0xf6 -> Node 0
7月 26 19:59:32 shootsecond kernel: SRAT: PXM 0 -> APIC 0xf8 -> Node 0
7月 26 19:59:32 shootsecond kernel: SRAT: PXM 0 -> APIC 0xfa -> Node 0
7月 26 19:59:32 shootsecond kernel: SRAT: PXM 0 -> APIC 0xfc -> Node 0
7月 26 19:59:32 shootsecond kernel: SRAT: PXM 0 -> APIC 0xfe -> Node 0
7月 26 19:59:32 shootsecond kernel: ACPI: SRAT: Node 0 PXM 0 [mem 0x00000000-0x0009ffff]
7月 26 19:59:32 shootsecond kernel: ACPI: SRAT: Node 0 PXM 0 [mem 0x00100000-0xbfffffff]
7月 26 19:59:32 shootsecond kernel: ACPI: SRAT: Node 0 PXM 0 [mem 0x100000000-0x23fffffff]
7月 26 19:59:32 shootsecond kernel: ACPI: SRAT: Node 0 PXM 0 [mem 0x240000000-0x203fffffff] hotplug
7月 26 19:59:32 shootsecond kernel: NUMA: Node 0 [mem 0x00000000-0x0009ffff] + [mem 0x00100000-0xbfffffff] -> [mem 0x00000000-0xbfffffff]
7月 26 19:59:32 shootsecond kernel: NUMA: Node 0 [mem 0x00000000-0xbfffffff] + [mem 0x100000000-0x23fffffff] -> [mem 0x00000000-0x23fffffff]
7月 26 19:59:32 shootsecond kernel: NODE_DATA(0) allocated [mem 0x23ffd3000-0x23fffdfff]
7月 26 19:59:32 shootsecond kernel: Zone ranges:
7月 26 19:59:32 shootsecond kernel:   DMA      [mem 0x0000000000001000-0x0000000000ffffff]
7月 26 19:59:32 shootsecond kernel:   DMA32    [mem 0x0000000001000000-0x00000000ffffffff]
7月 26 19:59:32 shootsecond kernel:   Normal   [mem 0x0000000100000000-0x000000023fffffff]
7月 26 19:59:32 shootsecond kernel:   Device   empty
7月 26 19:59:32 shootsecond kernel: Movable zone start for each node
7月 26 19:59:32 shootsecond kernel: Early memory node ranges
7月 26 19:59:32 shootsecond kernel:   node   0: [mem 0x0000000000001000-0x000000000009dfff]
7月 26 19:59:32 shootsecond kernel:   node   0: [mem 0x0000000000100000-0x00000000bfecffff]
7月 26 19:59:32 shootsecond kernel:   node   0: [mem 0x00000000bff00000-0x00000000bfffffff]
7月 26 19:59:32 shootsecond kernel:   node   0: [mem 0x0000000100000000-0x000000023fffffff]
7月 26 19:59:32 shootsecond kernel: Initmem setup node 0 [mem 0x0000000000001000-0x000000023fffffff]
7月 26 19:59:32 shootsecond kernel: On node 0, zone DMA: 1 pages in unavailable ranges
7月 26 19:59:32 shootsecond kernel: On node 0, zone DMA: 98 pages in unavailable ranges
7月 26 19:59:32 shootsecond kernel: On node 0, zone DMA32: 48 pages in unavailable ranges
7月 26 19:59:32 shootsecond kernel: ACPI: PM-Timer IO Port: 0x1008
7月 26 19:59:32 shootsecond kernel: system APIC only can use physical flat
7月 26 19:59:32 shootsecond kernel: ACPI: LAPIC_NMI (acpi_id[0x00] high edge lint[0x1])
7月 26 19:59:32 shootsecond kernel: ACPI: LAPIC_NMI (acpi_id[0x01] high edge lint[0x1])
7月 26 19:59:32 shootsecond kernel: ACPI: LAPIC_NMI (acpi_id[0x02] high edge lint[0x1])
7月 26 19:59:32 shootsecond kernel: ACPI: LAPIC_NMI (acpi_id[0x03] high edge lint[0x1])
7月 26 19:59:32 shootsecond kernel: ACPI: LAPIC_NMI (acpi_id[0x04] high edge lint[0x1])
7月 26 19:59:32 shootsecond kernel: ACPI: LAPIC_NMI (acpi_id[0x05] high edge lint[0x1])
7月 26 19:59:32 shootsecond kernel: ACPI: LAPIC_NMI (acpi_id[0x06] high edge lint[0x1])
7月 26 19:59:32 shootsecond kernel: ACPI: LAPIC_NMI (acpi_id[0x07] high edge lint[0x1])
7月 26 19:59:32 shootsecond kernel: ACPI: LAPIC_NMI (acpi_id[0x08] high edge lint[0x1])
7月 26 19:59:32 shootsecond kernel: ACPI: LAPIC_NMI (acpi_id[0x09] high edge lint[0x1])
7月 26 19:59:32 shootsecond kernel: ACPI: LAPIC_NMI (acpi_id[0x0a] high edge lint[0x1])
7月 26 19:59:32 shootsecond kernel: ACPI: LAPIC_NMI (acpi_id[0x0b] high edge lint[0x1])
7月 26 19:59:32 shootsecond kernel: ACPI: LAPIC_NMI (acpi_id[0x0c] high edge lint[0x1])
7月 26 19:59:32 shootsecond kernel: ACPI: LAPIC_NMI (acpi_id[0x0d] high edge lint[0x1])
7月 26 19:59:32 shootsecond kernel: ACPI: LAPIC_NMI (acpi_id[0x0e] high edge lint[0x1])
7月 26 19:59:32 shootsecond kernel: ACPI: LAPIC_NMI (acpi_id[0x0f] high edge lint[0x1])
7月 26 19:59:32 shootsecond kernel: ACPI: LAPIC_NMI (acpi_id[0x10] high edge lint[0x1])
7月 26 19:59:32 shootsecond kernel: ACPI: LAPIC_NMI (acpi_id[0x11] high edge lint[0x1])
7月 26 19:59:32 shootsecond kernel: ACPI: LAPIC_NMI (acpi_id[0x12] high edge lint[0x1])
7月 26 19:59:32 shootsecond kernel: ACPI: LAPIC_NMI (acpi_id[0x13] high edge lint[0x1])
7月 26 19:59:32 shootsecond kernel: ACPI: LAPIC_NMI (acpi_id[0x14] high edge lint[0x1])
7月 26 19:59:32 shootsecond kernel: ACPI: LAPIC_NMI (acpi_id[0x15] high edge lint[0x1])
7月 26 19:59:32 shootsecond kernel: ACPI: LAPIC_NMI (acpi_id[0x16] high edge lint[0x1])
7月 26 19:59:32 shootsecond kernel: ACPI: LAPIC_NMI (acpi_id[0x17] high edge lint[0x1])
7月 26 19:59:32 shootsecond kernel: ACPI: LAPIC_NMI (acpi_id[0x18] high edge lint[0x1])
7月 26 19:59:32 shootsecond kernel: ACPI: LAPIC_NMI (acpi_id[0x19] high edge lint[0x1])
7月 26 19:59:32 shootsecond kernel: ACPI: LAPIC_NMI (acpi_id[0x1a] high edge lint[0x1])
7月 26 19:59:32 shootsecond kernel: ACPI: LAPIC_NMI (acpi_id[0x1b] high edge lint[0x1])
7月 26 19:59:32 shootsecond kernel: ACPI: LAPIC_NMI (acpi_id[0x1c] high edge lint[0x1])
7月 26 19:59:32 shootsecond kernel: ACPI: LAPIC_NMI (acpi_id[0x1d] high edge lint[0x1])
7月 26 19:59:32 shootsecond kernel: ACPI: LAPIC_NMI (acpi_id[0x1e] high edge lint[0x1])
7月 26 19:59:32 shootsecond kernel: ACPI: LAPIC_NMI (acpi_id[0x1f] high edge lint[0x1])
7月 26 19:59:32 shootsecond kernel: ACPI: LAPIC_NMI (acpi_id[0x20] high edge lint[0x1])
7月 26 19:59:32 shootsecond kernel: ACPI: LAPIC_NMI (acpi_id[0x21] high edge lint[0x1])
7月 26 19:59:32 shootsecond kernel: ACPI: LAPIC_NMI (acpi_id[0x22] high edge lint[0x1])
7月 26 19:59:32 shootsecond kernel: ACPI: LAPIC_NMI (acpi_id[0x23] high edge lint[0x1])
7月 26 19:59:32 shootsecond kernel: ACPI: LAPIC_NMI (acpi_id[0x24] high edge lint[0x1])
7月 26 19:59:32 shootsecond kernel: ACPI: LAPIC_NMI (acpi_id[0x25] high edge lint[0x1])
7月 26 19:59:32 shootsecond kernel: ACPI: LAPIC_NMI (acpi_id[0x26] high edge lint[0x1])
7月 26 19:59:32 shootsecond kernel: ACPI: LAPIC_NMI (acpi_id[0x27] high edge lint[0x1])
7月 26 19:59:32 shootsecond kernel: ACPI: LAPIC_NMI (acpi_id[0x28] high edge lint[0x1])
7月 26 19:59:32 shootsecond kernel: ACPI: LAPIC_NMI (acpi_id[0x29] high edge lint[0x1])
7月 26 19:59:32 shootsecond kernel: ACPI: LAPIC_NMI (acpi_id[0x2a] high edge lint[0x1])
7月 26 19:59:32 shootsecond kernel: ACPI: LAPIC_NMI (acpi_id[0x2b] high edge lint[0x1])
7月 26 19:59:32 shootsecond kernel: ACPI: LAPIC_NMI (acpi_id[0x2c] high edge lint[0x1])
7月 26 19:59:32 shootsecond kernel: ACPI: LAPIC_NMI (acpi_id[0x2d] high edge lint[0x1])
7月 26 19:59:32 shootsecond kernel: ACPI: LAPIC_NMI (acpi_id[0x2e] high edge lint[0x1])
7月 26 19:59:32 shootsecond kernel: ACPI: LAPIC_NMI (acpi_id[0x2f] high edge lint[0x1])
7月 26 19:59:32 shootsecond kernel: ACPI: LAPIC_NMI (acpi_id[0x30] high edge lint[0x1])
7月 26 19:59:32 shootsecond kernel: ACPI: LAPIC_NMI (acpi_id[0x31] high edge lint[0x1])
7月 26 19:59:32 shootsecond kernel: ACPI: LAPIC_NMI (acpi_id[0x32] high edge lint[0x1])
7月 26 19:59:32 shootsecond kernel: ACPI: LAPIC_NMI (acpi_id[0x33] high edge lint[0x1])
7月 26 19:59:32 shootsecond kernel: ACPI: LAPIC_NMI (acpi_id[0x34] high edge lint[0x1])
7月 26 19:59:32 shootsecond kernel: ACPI: LAPIC_NMI (acpi_id[0x35] high edge lint[0x1])
7月 26 19:59:32 shootsecond kernel: ACPI: LAPIC_NMI (acpi_id[0x36] high edge lint[0x1])
7月 26 19:59:32 shootsecond kernel: ACPI: LAPIC_NMI (acpi_id[0x37] high edge lint[0x1])
7月 26 19:59:32 shootsecond kernel: ACPI: LAPIC_NMI (acpi_id[0x38] high edge lint[0x1])
7月 26 19:59:32 shootsecond kernel: ACPI: LAPIC_NMI (acpi_id[0x39] high edge lint[0x1])
7月 26 19:59:32 shootsecond kernel: ACPI: LAPIC_NMI (acpi_id[0x3a] high edge lint[0x1])
7月 26 19:59:32 shootsecond kernel: ACPI: LAPIC_NMI (acpi_id[0x3b] high edge lint[0x1])
7月 26 19:59:32 shootsecond kernel: ACPI: LAPIC_NMI (acpi_id[0x3c] high edge lint[0x1])
7月 26 19:59:32 shootsecond kernel: ACPI: LAPIC_NMI (acpi_id[0x3d] high edge lint[0x1])
7月 26 19:59:32 shootsecond kernel: ACPI: LAPIC_NMI (acpi_id[0x3e] high edge lint[0x1])
7月 26 19:59:32 shootsecond kernel: ACPI: LAPIC_NMI (acpi_id[0x3f] high edge lint[0x1])
7月 26 19:59:32 shootsecond kernel: ACPI: LAPIC_NMI (acpi_id[0x40] high edge lint[0x1])
7月 26 19:59:32 shootsecond kernel: ACPI: LAPIC_NMI (acpi_id[0x41] high edge lint[0x1])
7月 26 19:59:32 shootsecond kernel: ACPI: LAPIC_NMI (acpi_id[0x42] high edge lint[0x1])
7月 26 19:59:32 shootsecond kernel: ACPI: LAPIC_NMI (acpi_id[0x43] high edge lint[0x1])
7月 26 19:59:32 shootsecond kernel: ACPI: LAPIC_NMI (acpi_id[0x44] high edge lint[0x1])
7月 26 19:59:32 shootsecond kernel: ACPI: LAPIC_NMI (acpi_id[0x45] high edge lint[0x1])
7月 26 19:59:32 shootsecond kernel: ACPI: LAPIC_NMI (acpi_id[0x46] high edge lint[0x1])
7月 26 19:59:32 shootsecond kernel: ACPI: LAPIC_NMI (acpi_id[0x47] high edge lint[0x1])
7月 26 19:59:32 shootsecond kernel: ACPI: LAPIC_NMI (acpi_id[0x48] high edge lint[0x1])
7月 26 19:59:32 shootsecond kernel: ACPI: LAPIC_NMI (acpi_id[0x49] high edge lint[0x1])
7月 26 19:59:32 shootsecond kernel: ACPI: LAPIC_NMI (acpi_id[0x4a] high edge lint[0x1])
7月 26 19:59:32 shootsecond kernel: ACPI: LAPIC_NMI (acpi_id[0x4b] high edge lint[0x1])
7月 26 19:59:32 shootsecond kernel: ACPI: LAPIC_NMI (acpi_id[0x4c] high edge lint[0x1])
7月 26 19:59:32 shootsecond kernel: ACPI: LAPIC_NMI (acpi_id[0x4d] high edge lint[0x1])
7月 26 19:59:32 shootsecond kernel: ACPI: LAPIC_NMI (acpi_id[0x4e] high edge lint[0x1])
7月 26 19:59:32 shootsecond kernel: ACPI: LAPIC_NMI (acpi_id[0x4f] high edge lint[0x1])
7月 26 19:59:32 shootsecond kernel: ACPI: LAPIC_NMI (acpi_id[0x50] high edge lint[0x1])
7月 26 19:59:32 shootsecond kernel: ACPI: LAPIC_NMI (acpi_id[0x51] high edge lint[0x1])
7月 26 19:59:32 shootsecond kernel: ACPI: LAPIC_NMI (acpi_id[0x52] high edge lint[0x1])
7月 26 19:59:32 shootsecond kernel: ACPI: LAPIC_NMI (acpi_id[0x53] high edge lint[0x1])
7月 26 19:59:32 shootsecond kernel: ACPI: LAPIC_NMI (acpi_id[0x54] high edge lint[0x1])
7月 26 19:59:32 shootsecond kernel: ACPI: LAPIC_NMI (acpi_id[0x55] high edge lint[0x1])
7月 26 19:59:32 shootsecond kernel: ACPI: LAPIC_NMI (acpi_id[0x56] high edge lint[0x1])
7月 26 19:59:32 shootsecond kernel: ACPI: LAPIC_NMI (acpi_id[0x57] high edge lint[0x1])
7月 26 19:59:32 shootsecond kernel: ACPI: LAPIC_NMI (acpi_id[0x58] high edge lint[0x1])
7月 26 19:59:32 shootsecond kernel: ACPI: LAPIC_NMI (acpi_id[0x59] high edge lint[0x1])
7月 26 19:59:32 shootsecond kernel: ACPI: LAPIC_NMI (acpi_id[0x5a] high edge lint[0x1])
7月 26 19:59:32 shootsecond kernel: ACPI: LAPIC_NMI (acpi_id[0x5b] high edge lint[0x1])
7月 26 19:59:32 shootsecond kernel: ACPI: LAPIC_NMI (acpi_id[0x5c] high edge lint[0x1])
7月 26 19:59:32 shootsecond kernel: ACPI: LAPIC_NMI (acpi_id[0x5d] high edge lint[0x1])
7月 26 19:59:32 shootsecond kernel: ACPI: LAPIC_NMI (acpi_id[0x5e] high edge lint[0x1])
7月 26 19:59:32 shootsecond kernel: ACPI: LAPIC_NMI (acpi_id[0x5f] high edge lint[0x1])
7月 26 19:59:32 shootsecond kernel: ACPI: LAPIC_NMI (acpi_id[0x60] high edge lint[0x1])
7月 26 19:59:32 shootsecond kernel: ACPI: LAPIC_NMI (acpi_id[0x61] high edge lint[0x1])
7月 26 19:59:32 shootsecond kernel: ACPI: LAPIC_NMI (acpi_id[0x62] high edge lint[0x1])
7月 26 19:59:32 shootsecond kernel: ACPI: LAPIC_NMI (acpi_id[0x63] high edge lint[0x1])
7月 26 19:59:32 shootsecond kernel: ACPI: LAPIC_NMI (acpi_id[0x64] high edge lint[0x1])
7月 26 19:59:32 shootsecond kernel: ACPI: LAPIC_NMI (acpi_id[0x65] high edge lint[0x1])
7月 26 19:59:32 shootsecond kernel: ACPI: LAPIC_NMI (acpi_id[0x66] high edge lint[0x1])
7月 26 19:59:32 shootsecond kernel: ACPI: LAPIC_NMI (acpi_id[0x67] high edge lint[0x1])
7月 26 19:59:32 shootsecond kernel: ACPI: LAPIC_NMI (acpi_id[0x68] high edge lint[0x1])
7月 26 19:59:32 shootsecond kernel: ACPI: LAPIC_NMI (acpi_id[0x69] high edge lint[0x1])
7月 26 19:59:32 shootsecond kernel: ACPI: LAPIC_NMI (acpi_id[0x6a] high edge lint[0x1])
7月 26 19:59:32 shootsecond kernel: ACPI: LAPIC_NMI (acpi_id[0x6b] high edge lint[0x1])
7月 26 19:59:32 shootsecond kernel: ACPI: LAPIC_NMI (acpi_id[0x6c] high edge lint[0x1])
7月 26 19:59:32 shootsecond kernel: ACPI: LAPIC_NMI (acpi_id[0x6d] high edge lint[0x1])
7月 26 19:59:32 shootsecond kernel: ACPI: LAPIC_NMI (acpi_id[0x6e] high edge lint[0x1])
7月 26 19:59:32 shootsecond kernel: ACPI: LAPIC_NMI (acpi_id[0x6f] high edge lint[0x1])
7月 26 19:59:32 shootsecond kernel: ACPI: LAPIC_NMI (acpi_id[0x70] high edge lint[0x1])
7月 26 19:59:32 shootsecond kernel: ACPI: LAPIC_NMI (acpi_id[0x71] high edge lint[0x1])
7月 26 19:59:32 shootsecond kernel: ACPI: LAPIC_NMI (acpi_id[0x72] high edge lint[0x1])
7月 26 19:59:32 shootsecond kernel: ACPI: LAPIC_NMI (acpi_id[0x73] high edge lint[0x1])
7月 26 19:59:32 shootsecond kernel: ACPI: LAPIC_NMI (acpi_id[0x74] high edge lint[0x1])
7月 26 19:59:32 shootsecond kernel: ACPI: LAPIC_NMI (acpi_id[0x75] high edge lint[0x1])
7月 26 19:59:32 shootsecond kernel: ACPI: LAPIC_NMI (acpi_id[0x76] high edge lint[0x1])
7月 26 19:59:32 shootsecond kernel: ACPI: LAPIC_NMI (acpi_id[0x77] high edge lint[0x1])
7月 26 19:59:32 shootsecond kernel: ACPI: LAPIC_NMI (acpi_id[0x78] high edge lint[0x1])
7月 26 19:59:32 shootsecond kernel: ACPI: LAPIC_NMI (acpi_id[0x79] high edge lint[0x1])
7月 26 19:59:32 shootsecond kernel: ACPI: LAPIC_NMI (acpi_id[0x7a] high edge lint[0x1])
7月 26 19:59:32 shootsecond kernel: ACPI: LAPIC_NMI (acpi_id[0x7b] high edge lint[0x1])
7月 26 19:59:32 shootsecond kernel: ACPI: LAPIC_NMI (acpi_id[0x7c] high edge lint[0x1])
7月 26 19:59:32 shootsecond kernel: ACPI: LAPIC_NMI (acpi_id[0x7d] high edge lint[0x1])
7月 26 19:59:32 shootsecond kernel: ACPI: LAPIC_NMI (acpi_id[0x7e] high edge lint[0x1])
7月 26 19:59:32 shootsecond kernel: ACPI: LAPIC_NMI (acpi_id[0x7f] high edge lint[0x1])
7月 26 19:59:32 shootsecond kernel: IOAPIC[0]: apic_id 1, version 32, address 0xfec00000, GSI 0-23
7月 26 19:59:32 shootsecond kernel: ACPI: INT_SRC_OVR (bus 0 bus_irq 0 global_irq 2 high edge)
7月 26 19:59:32 shootsecond kernel: ACPI: Using ACPI (MADT) for SMP configuration information
7月 26 19:59:32 shootsecond kernel: ACPI: HPET id: 0x8086af01 base: 0xfed00000
7月 26 19:59:32 shootsecond kernel: smpboot: Allowing 128 CPUs, 120 hotplug CPUs
7月 26 19:59:32 shootsecond kernel: PM: hibernation: Registered nosave memory: [mem 0x00000000-0x00000fff]
7月 26 19:59:32 shootsecond kernel: PM: hibernation: Registered nosave memory: [mem 0x0009e000-0x0009efff]
7月 26 19:59:32 shootsecond kernel: PM: hibernation: Registered nosave memory: [mem 0x0009f000-0x0009ffff]
7月 26 19:59:32 shootsecond kernel: PM: hibernation: Registered nosave memory: [mem 0x000a0000-0x000dbfff]
7月 26 19:59:32 shootsecond kernel: PM: hibernation: Registered nosave memory: [mem 0x000dc000-0x000fffff]
7月 26 19:59:32 shootsecond kernel: PM: hibernation: Registered nosave memory: [mem 0xbfed0000-0xbfefefff]
7月 26 19:59:32 shootsecond kernel: PM: hibernation: Registered nosave memory: [mem 0xbfeff000-0xbfefffff]
7月 26 19:59:32 shootsecond kernel: PM: hibernation: Registered nosave memory: [mem 0xc0000000-0xefffffff]
7月 26 19:59:32 shootsecond kernel: PM: hibernation: Registered nosave memory: [mem 0xf0000000-0xf7ffffff]
7月 26 19:59:32 shootsecond kernel: PM: hibernation: Registered nosave memory: [mem 0xf8000000-0xfebfffff]
7月 26 19:59:32 shootsecond kernel: PM: hibernation: Registered nosave memory: [mem 0xfec00000-0xfec0ffff]
7月 26 19:59:32 shootsecond kernel: PM: hibernation: Registered nosave memory: [mem 0xfec10000-0xfedfffff]
7月 26 19:59:32 shootsecond kernel: PM: hibernation: Registered nosave memory: [mem 0xfee00000-0xfee00fff]
7月 26 19:59:32 shootsecond kernel: PM: hibernation: Registered nosave memory: [mem 0xfee01000-0xfffdffff]
7月 26 19:59:32 shootsecond kernel: PM: hibernation: Registered nosave memory: [mem 0xfffe0000-0xffffffff]
7月 26 19:59:32 shootsecond kernel: [mem 0xc0000000-0xefffffff] available for PCI devices
7月 26 19:59:32 shootsecond kernel: Booting paravirtualized kernel on VMware hypervisor
7月 26 19:59:32 shootsecond kernel: clocksource: refined-jiffies: mask: 0xffffffff max_cycles: 0xffffffff, max_idle_ns: 7645519600211568 ns
7月 26 19:59:32 shootsecond kernel: setup_percpu: NR_CPUS:8192 nr_cpumask_bits:128 nr_cpu_ids:128 nr_node_ids:1
7月 26 19:59:32 shootsecond kernel: percpu: Embedded 62 pages/cpu s217088 r8192 d28672 u262144
7月 26 19:59:32 shootsecond kernel: pcpu-alloc: s217088 r8192 d28672 u262144 alloc=1*2097152
7月 26 19:59:32 shootsecond kernel: pcpu-alloc: [0] 000 001 002 003 004 005 006 007 
7月 26 19:59:32 shootsecond kernel: pcpu-alloc: [0] 008 009 010 011 012 013 014 015 
7月 26 19:59:32 shootsecond kernel: pcpu-alloc: [0] 016 017 018 019 020 021 022 023 
7月 26 19:59:32 shootsecond kernel: pcpu-alloc: [0] 024 025 026 027 028 029 030 031 
7月 26 19:59:32 shootsecond kernel: pcpu-alloc: [0] 032 033 034 035 036 037 038 039 
7月 26 19:59:32 shootsecond kernel: pcpu-alloc: [0] 040 041 042 043 044 045 046 047 
7月 26 19:59:32 shootsecond kernel: pcpu-alloc: [0] 048 049 050 051 052 053 054 055 
7月 26 19:59:32 shootsecond kernel: pcpu-alloc: [0] 056 057 058 059 060 061 062 063 
7月 26 19:59:32 shootsecond kernel: pcpu-alloc: [0] 064 065 066 067 068 069 070 071 
7月 26 19:59:32 shootsecond kernel: pcpu-alloc: [0] 072 073 074 075 076 077 078 079 
7月 26 19:59:32 shootsecond kernel: pcpu-alloc: [0] 080 081 082 083 084 085 086 087 
7月 26 19:59:32 shootsecond kernel: pcpu-alloc: [0] 088 089 090 091 092 093 094 095 
7月 26 19:59:32 shootsecond kernel: pcpu-alloc: [0] 096 097 098 099 100 101 102 103 
7月 26 19:59:32 shootsecond kernel: pcpu-alloc: [0] 104 105 106 107 108 109 110 111 
7月 26 19:59:32 shootsecond kernel: pcpu-alloc: [0] 112 113 114 115 116 117 118 119 
7月 26 19:59:32 shootsecond kernel: pcpu-alloc: [0] 120 121 122 123 124 125 126 127 
7月 26 19:59:32 shootsecond kernel: Kernel command line: BOOT_IMAGE=/boot/vmlinuz-6.4.0+ root=UUID=e9fd23a6-5967-45c8-a70e-9898c10ddb0b ro systemd.unified_cgroup_hierarchy=0 text
7月 26 19:59:32 shootsecond kernel: Unknown kernel command line parameters "text BOOT_IMAGE=/boot/vmlinuz-6.4.0+", will be passed to user space.
7月 26 19:59:32 shootsecond kernel: random: crng init done
7月 26 19:59:32 shootsecond kernel: printk: log_buf_len individual max cpu contribution: 4096 bytes
7月 26 19:59:32 shootsecond kernel: printk: log_buf_len total cpu_extra contributions: 520192 bytes
7月 26 19:59:32 shootsecond kernel: printk: log_buf_len min size: 262144 bytes
7月 26 19:59:32 shootsecond kernel: printk: log_buf_len: 1048576 bytes
7月 26 19:59:32 shootsecond kernel: printk: early log buf free: 227752(86%)
7月 26 19:59:32 shootsecond kernel: Dentry cache hash table entries: 1048576 (order: 11, 8388608 bytes, linear)
7月 26 19:59:32 shootsecond kernel: Inode-cache hash table entries: 524288 (order: 10, 4194304 bytes, linear)
7月 26 19:59:32 shootsecond kernel: Fallback order for Node 0: 0 
7月 26 19:59:32 shootsecond kernel: Built 1 zonelists, mobility grouping on.  Total pages: 2064080
7月 26 19:59:32 shootsecond kernel: Policy zone: Normal
7月 26 19:59:32 shootsecond kernel: mem auto-init: stack:off, heap alloc:on, heap free:off
7月 26 19:59:32 shootsecond kernel: software IO TLB: area num 128.
7月 26 19:59:32 shootsecond kernel: Memory: 8063208K/8388020K available (20480K kernel code, 4152K rwdata, 6912K rodata, 4600K init, 17712K bss, 324552K reserved, 0K cma-reserved)
7月 26 19:59:32 shootsecond kernel: SLUB: HWalign=64, Order=0-3, MinObjects=0, CPUs=128, Nodes=1
7月 26 19:59:32 shootsecond kernel: ftrace: allocating 50577 entries in 198 pages
7月 26 19:59:32 shootsecond kernel: ftrace: allocated 198 pages with 4 groups
7月 26 19:59:32 shootsecond kernel: rq_online_cos
7月 26 19:59:32 shootsecond kernel: Dynamic Preempt: voluntary
7月 26 19:59:32 shootsecond kernel: rcu: Preemptible hierarchical RCU implementation.
7月 26 19:59:32 shootsecond kernel: rcu:         RCU restricting CPUs from NR_CPUS=8192 to nr_cpu_ids=128.
7月 26 19:59:32 shootsecond kernel:         Trampoline variant of Tasks RCU enabled.
7月 26 19:59:32 shootsecond kernel:         Rude variant of Tasks RCU enabled.
7月 26 19:59:32 shootsecond kernel:         Tracing variant of Tasks RCU enabled.
7月 26 19:59:32 shootsecond kernel: rcu: RCU calculated value of scheduler-enlistment delay is 25 jiffies.
7月 26 19:59:32 shootsecond kernel: rcu: Adjusting geometry for rcu_fanout_leaf=16, nr_cpu_ids=128
7月 26 19:59:32 shootsecond kernel: NR_IRQS: 524544, nr_irqs: 1448, preallocated irqs: 16
7月 26 19:59:32 shootsecond kernel: rcu: srcu_init: Setting srcu_struct sizes to big.
7月 26 19:59:32 shootsecond kernel: Console: colour VGA+ 80x25
7月 26 19:59:32 shootsecond kernel: printk: console [tty0] enabled
7月 26 19:59:32 shootsecond kernel: ACPI: Core revision 20230331
7月 26 19:59:32 shootsecond kernel: clocksource: hpet: mask: 0xffffffff max_cycles: 0xffffffff, max_idle_ns: 133484882848 ns
7月 26 19:59:32 shootsecond kernel: APIC: Switch to symmetric I/O mode setup
7月 26 19:59:32 shootsecond kernel: x2apic enabled
7月 26 19:59:32 shootsecond kernel: Switched APIC routing to physical x2apic.
7月 26 19:59:32 shootsecond kernel: ..TIMER: vector=0x30 apic1=0 pin1=2 apic2=-1 pin2=-1
7月 26 19:59:32 shootsecond kernel: clocksource: tsc-early: mask: 0xffffffffffffffff max_cycles: 0x1e366ecec43, max_idle_ns: 440795227768 ns
7月 26 19:59:32 shootsecond kernel: Calibrating delay loop (skipped) preset value.. 4192.00 BogoMIPS (lpj=8384004)
7月 26 19:59:32 shootsecond kernel: x86/cpu: User Mode Instruction Prevention (UMIP) activated
7月 26 19:59:32 shootsecond kernel: unchecked MSR access error: RDMSR from 0x852 at rIP: 0xffffffff888aed78 (native_read_msr+0x8/0x50)
7月 26 19:59:32 shootsecond kernel: Call Trace:
7月 26 19:59:32 shootsecond kernel:  <TASK>
7月 26 19:59:32 shootsecond kernel:  ? show_stack_regs+0x23/0x40
7月 26 19:59:32 shootsecond kernel:  ? ex_handler_msr+0x16a/0x190
7月 26 19:59:32 shootsecond kernel:  ? fixup_exception+0x8a/0x3b0
7月 26 19:59:32 shootsecond kernel:  ? exc_general_protection+0x135/0x460
7月 26 19:59:32 shootsecond kernel:  ? asm_exc_general_protection+0x27/0x30
7月 26 19:59:32 shootsecond kernel:  ? __pfx_native_apic_msr_read+0x10/0x10
7月 26 19:59:32 shootsecond kernel:  ? native_read_msr+0x8/0x50
7月 26 19:59:32 shootsecond kernel:  native_apic_msr_read+0x1b/0x60
7月 26 19:59:32 shootsecond kernel:  setup_APIC_eilvt+0x56/0x220
7月 26 19:59:32 shootsecond kernel:  mce_amd_feature_init+0x474/0x560
7月 26 19:59:32 shootsecond kernel:  __mcheck_cpu_init_vendor+0x76/0x100
7月 26 19:59:32 shootsecond kernel:  mcheck_cpu_init+0x1be/0x4c0
7月 26 19:59:32 shootsecond kernel:  identify_cpu+0x442/0x740
7月 26 19:59:32 shootsecond kernel:  ? jump_label_update+0xdd/0x120
7月 26 19:59:32 shootsecond kernel:  identify_boot_cpu+0x10/0xc0
7月 26 19:59:32 shootsecond kernel:  arch_cpu_finalize_init+0x9/0x70
7月 26 19:59:32 shootsecond kernel:  start_kernel+0x622/0xa70
7月 26 19:59:32 shootsecond kernel:  x86_64_start_reservations+0x18/0x30
7月 26 19:59:32 shootsecond kernel:  x86_64_start_kernel+0xc0/0x110
7月 26 19:59:32 shootsecond kernel:  secondary_startup_64_no_verify+0x17e/0x18b
7月 26 19:59:32 shootsecond kernel:  </TASK>
7月 26 19:59:32 shootsecond kernel: LVT offset 2 assigned for vector 0xf4
7月 26 19:59:32 shootsecond kernel: [Firmware Bug]: cpu 0, try to use APIC520 (LVT offset 2) for vector 0xf4, but the register is already in use for vector 0x0 on this cpu
7月 26 19:59:32 shootsecond kernel: Last level iTLB entries: 4KB 1024, 2MB 1024, 4MB 512
7月 26 19:59:32 shootsecond kernel: Last level dTLB entries: 4KB 2048, 2MB 2048, 4MB 1024, 1GB 0
7月 26 19:59:32 shootsecond kernel: Spectre V1 : Mitigation: usercopy/swapgs barriers and __user pointer sanitization
7月 26 19:59:32 shootsecond kernel: Spectre V2 : Mitigation: Retpolines
7月 26 19:59:32 shootsecond kernel: Spectre V2 : Spectre v2 / SpectreRSB mitigation: Filling RSB on context switch
7月 26 19:59:32 shootsecond kernel: Spectre V2 : Spectre v2 / SpectreRSB : Filling RSB on VMEXIT
7月 26 19:59:32 shootsecond kernel: Spectre V2 : Enabling Speculation Barrier for firmware calls
7月 26 19:59:32 shootsecond kernel: RETBleed: Mitigation: untrained return thunk
7月 26 19:59:32 shootsecond kernel: Spectre V2 : mitigation: Enabling conditional Indirect Branch Prediction Barrier
7月 26 19:59:32 shootsecond kernel: Speculative Store Bypass: Mitigation: Speculative Store Bypass disabled via prctl
7月 26 19:59:32 shootsecond kernel: x86/fpu: Supporting XSAVE feature 0x001: 'x87 floating point registers'
7月 26 19:59:32 shootsecond kernel: x86/fpu: Supporting XSAVE feature 0x002: 'SSE registers'
7月 26 19:59:32 shootsecond kernel: x86/fpu: Supporting XSAVE feature 0x004: 'AVX registers'
7月 26 19:59:32 shootsecond kernel: x86/fpu: xstate_offset[2]:  576, xstate_sizes[2]:  256
7月 26 19:59:32 shootsecond kernel: x86/fpu: Enabled xstate features 0x7, context size is 832 bytes, using 'compacted' format.
7月 26 19:59:32 shootsecond kernel: Freeing SMP alternatives memory: 40K
7月 26 19:59:32 shootsecond kernel: pid_max: default: 131072 minimum: 1024
7月 26 19:59:32 shootsecond kernel: LSM: initializing lsm=lockdown,capability,landlock,yama,apparmor,integrity
7月 26 19:59:32 shootsecond kernel: landlock: Up and running.
7月 26 19:59:32 shootsecond kernel: Yama: becoming mindful.
7月 26 19:59:32 shootsecond kernel: AppArmor: AppArmor initialized
7月 26 19:59:32 shootsecond kernel: Mount-cache hash table entries: 16384 (order: 5, 131072 bytes, linear)
7月 26 19:59:32 shootsecond kernel: Mountpoint-cache hash table entries: 16384 (order: 5, 131072 bytes, linear)
7月 26 19:59:32 shootsecond kernel: smpboot: CPU0: AMD Ryzen 5 4600U with Radeon Graphics (family: 0x17, model: 0x60, stepping: 0x1)
7月 26 19:59:32 shootsecond kernel: RCU Tasks: Setting shift to 7 and lim to 1 rcu_task_cb_adjust=1.
7月 26 19:59:32 shootsecond kernel: RCU Tasks Rude: Setting shift to 7 and lim to 1 rcu_task_cb_adjust=1.
7月 26 19:59:32 shootsecond kernel: RCU Tasks Trace: Setting shift to 7 and lim to 1 rcu_task_cb_adjust=1.
7月 26 19:59:32 shootsecond kernel: Performance Events: AMD PMU driver.
7月 26 19:59:32 shootsecond kernel: ... version:                0
7月 26 19:59:32 shootsecond kernel: ... bit width:              48
7月 26 19:59:32 shootsecond kernel: ... generic registers:      4
7月 26 19:59:32 shootsecond kernel: ... value mask:             0000ffffffffffff
7月 26 19:59:32 shootsecond kernel: ... max period:             00007fffffffffff
7月 26 19:59:32 shootsecond kernel: ... fixed-purpose events:   0
7月 26 19:59:32 shootsecond kernel: ... event mask:             000000000000000f
7月 26 19:59:32 shootsecond kernel: signal: max sigframe size: 1776
7月 26 19:59:32 shootsecond kernel: rcu: Hierarchical SRCU implementation.
7月 26 19:59:32 shootsecond kernel: rcu:         Max phase no-delay instances is 1000.
7月 26 19:59:32 shootsecond kernel: NMI watchdog: Enabled. Permanently consumes one hw-PMU counter.
7月 26 19:59:32 shootsecond kernel: smp: Bringing up secondary CPUs ...
7月 26 19:59:32 shootsecond kernel: smpboot: x86: Booting SMP configuration:
7月 26 19:59:32 shootsecond kernel: .... node  #0, CPUs:          #1   #2   #3   #4   #5   #6   #7
7月 26 19:59:32 shootsecond kernel: [Firmware Bug]: cpu 1, try to use APIC520 (LVT offset 2) for vector 0xf4, but the register is already in use for vector 0x0 on this cpu
7月 26 19:59:32 shootsecond kernel: smpboot: CPU 1 Converting physical 2 to logical package 1
7月 26 19:59:32 shootsecond kernel: smpboot: CPU 1 Converting physical 0 to logical die 1
7月 26 19:59:32 shootsecond kernel: rq_online_cos
7月 26 19:59:32 shootsecond kernel: [Firmware Bug]: cpu 2, try to use APIC520 (LVT offset 2) for vector 0xf4, but the register is already in use for vector 0x0 on this cpu
7月 26 19:59:32 shootsecond kernel: smpboot: CPU 2 Converting physical 4 to logical package 2
7月 26 19:59:32 shootsecond kernel: smpboot: CPU 2 Converting physical 0 to logical die 2
7月 26 19:59:32 shootsecond kernel: rq_online_cos
7月 26 19:59:32 shootsecond kernel: [Firmware Bug]: cpu 3, try to use APIC520 (LVT offset 2) for vector 0xf4, but the register is already in use for vector 0x0 on this cpu
7月 26 19:59:32 shootsecond kernel: smpboot: CPU 3 Converting physical 6 to logical package 3
7月 26 19:59:32 shootsecond kernel: smpboot: CPU 3 Converting physical 0 to logical die 3
7月 26 19:59:32 shootsecond kernel: rq_online_cos
7月 26 19:59:32 shootsecond kernel: [Firmware Bug]: cpu 4, try to use APIC520 (LVT offset 2) for vector 0xf4, but the register is already in use for vector 0x0 on this cpu
7月 26 19:59:32 shootsecond kernel: smpboot: CPU 4 Converting physical 8 to logical package 4
7月 26 19:59:32 shootsecond kernel: smpboot: CPU 4 Converting physical 0 to logical die 4
7月 26 19:59:32 shootsecond kernel: rq_online_cos
7月 26 19:59:32 shootsecond kernel: [Firmware Bug]: cpu 5, try to use APIC520 (LVT offset 2) for vector 0xf4, but the register is already in use for vector 0x0 on this cpu
7月 26 19:59:32 shootsecond kernel: smpboot: CPU 5 Converting physical 10 to logical package 5
7月 26 19:59:32 shootsecond kernel: smpboot: CPU 5 Converting physical 0 to logical die 5
7月 26 19:59:32 shootsecond kernel: rq_online_cos
7月 26 19:59:32 shootsecond kernel: [Firmware Bug]: cpu 6, try to use APIC520 (LVT offset 2) for vector 0xf4, but the register is already in use for vector 0x0 on this cpu
7月 26 19:59:32 shootsecond kernel: smpboot: CPU 6 Converting physical 12 to logical package 6
7月 26 19:59:32 shootsecond kernel: smpboot: CPU 6 Converting physical 0 to logical die 6
7月 26 19:59:32 shootsecond kernel: rq_online_cos
7月 26 19:59:32 shootsecond kernel: [Firmware Bug]: cpu 7, try to use APIC520 (LVT offset 2) for vector 0xf4, but the register is already in use for vector 0x0 on this cpu
7月 26 19:59:32 shootsecond kernel: smpboot: CPU 7 Converting physical 14 to logical package 7
7月 26 19:59:32 shootsecond kernel: smpboot: CPU 7 Converting physical 0 to logical die 7
7月 26 19:59:32 shootsecond kernel: rq_online_cos
7月 26 19:59:32 shootsecond kernel: smp: Brought up 1 node, 8 CPUs
7月 26 19:59:32 shootsecond kernel: smpboot: Max logical packages: 128
7月 26 19:59:32 shootsecond kernel: smpboot: Total of 8 processors activated (33536.01 BogoMIPS)
7月 26 19:59:32 shootsecond kernel: rq_offline_cos
7月 26 19:59:32 shootsecond kernel: rq_online_cos
7月 26 19:59:32 shootsecond kernel: rq_offline_cos
7月 26 19:59:32 shootsecond kernel: rq_online_cos
7月 26 19:59:32 shootsecond kernel: rq_offline_cos
7月 26 19:59:32 shootsecond kernel: rq_online_cos
7月 26 19:59:32 shootsecond kernel: rq_offline_cos
7月 26 19:59:32 shootsecond kernel: rq_online_cos
7月 26 19:59:32 shootsecond kernel: rq_offline_cos
7月 26 19:59:32 shootsecond kernel: rq_online_cos
7月 26 19:59:32 shootsecond kernel: rq_offline_cos
7月 26 19:59:32 shootsecond kernel: rq_online_cos
7月 26 19:59:32 shootsecond kernel: rq_offline_cos
7月 26 19:59:32 shootsecond kernel: rq_online_cos
7月 26 19:59:32 shootsecond kernel: rq_offline_cos
7月 26 19:59:32 shootsecond kernel: rq_online_cos
7月 26 19:59:32 shootsecond kernel: devtmpfs: initialized
7月 26 19:59:32 shootsecond kernel: x86/mm: Memory block size: 128MB
7月 26 19:59:32 shootsecond kernel: ACPI: PM: Registering ACPI NVS region [mem 0xbfeff000-0xbfefffff] (4096 bytes)
7月 26 19:59:32 shootsecond kernel: clocksource: jiffies: mask: 0xffffffff max_cycles: 0xffffffff, max_idle_ns: 7645041785100000 ns
7月 26 19:59:32 shootsecond kernel: futex hash table entries: 32768 (order: 9, 2097152 bytes, linear)
7月 26 19:59:32 shootsecond kernel: pinctrl core: initialized pinctrl subsystem
7月 26 19:59:32 shootsecond kernel: PM: RTC time: 11:59:26, date: 2023-07-26
7月 26 19:59:32 shootsecond kernel: NET: Registered PF_NETLINK/PF_ROUTE protocol family
7月 26 19:59:32 shootsecond kernel: DMA: preallocated 1024 KiB GFP_KERNEL pool for atomic allocations
7月 26 19:59:32 shootsecond kernel: DMA: preallocated 1024 KiB GFP_KERNEL|GFP_DMA pool for atomic allocations
7月 26 19:59:32 shootsecond kernel: DMA: preallocated 1024 KiB GFP_KERNEL|GFP_DMA32 pool for atomic allocations
7月 26 19:59:32 shootsecond kernel: audit: initializing netlink subsys (disabled)
7月 26 19:59:32 shootsecond kernel: audit: type=2000 audit(1690372765.292:1): state=initialized audit_enabled=0 res=1
7月 26 19:59:32 shootsecond kernel: thermal_sys: Registered thermal governor 'fair_share'
7月 26 19:59:32 shootsecond kernel: thermal_sys: Registered thermal governor 'bang_bang'
7月 26 19:59:32 shootsecond kernel: thermal_sys: Registered thermal governor 'step_wise'
7月 26 19:59:32 shootsecond kernel: thermal_sys: Registered thermal governor 'user_space'
7月 26 19:59:32 shootsecond kernel: thermal_sys: Registered thermal governor 'power_allocator'
7月 26 19:59:32 shootsecond kernel: EISA bus registered
7月 26 19:59:32 shootsecond kernel: cpuidle: using governor ladder
7月 26 19:59:32 shootsecond kernel: cpuidle: using governor menu
7月 26 19:59:32 shootsecond kernel: Simple Boot Flag at 0x36 set to 0x80
7月 26 19:59:32 shootsecond kernel: acpiphp: ACPI Hot Plug PCI Controller Driver version: 0.5
7月 26 19:59:32 shootsecond kernel: PCI: MMCONFIG for domain 0000 [bus 00-7f] at [mem 0xf0000000-0xf7ffffff] (base 0xf0000000)
7月 26 19:59:32 shootsecond kernel: PCI: MMCONFIG at [mem 0xf0000000-0xf7ffffff] reserved as E820 entry
7月 26 19:59:32 shootsecond kernel: PCI: Using configuration type 1 for base access
7月 26 19:59:32 shootsecond kernel: kprobes: kprobe jump-optimization is enabled. All kprobes are optimized if possible.
7月 26 19:59:32 shootsecond kernel: HugeTLB: registered 1.00 GiB page size, pre-allocated 0 pages
7月 26 19:59:32 shootsecond kernel: HugeTLB: 16380 KiB vmemmap can be freed for a 1.00 GiB page
7月 26 19:59:32 shootsecond kernel: HugeTLB: registered 2.00 MiB page size, pre-allocated 0 pages
7月 26 19:59:32 shootsecond kernel: HugeTLB: 28 KiB vmemmap can be freed for a 2.00 MiB page
7月 26 19:59:32 shootsecond kernel: ACPI: Added _OSI(Module Device)
7月 26 19:59:32 shootsecond kernel: ACPI: Added _OSI(Processor Device)
7月 26 19:59:32 shootsecond kernel: ACPI: Added _OSI(3.0 _SCP Extensions)
7月 26 19:59:32 shootsecond kernel: ACPI: Added _OSI(Processor Aggregator Device)
7月 26 19:59:32 shootsecond kernel: ACPI: 1 ACPI AML tables successfully acquired and loaded
7月 26 19:59:32 shootsecond kernel: ACPI: [Firmware Bug]: BIOS _OSI(Linux) query ignored
7月 26 19:59:32 shootsecond kernel: ACPI: Interpreter enabled
7月 26 19:59:32 shootsecond kernel: ACPI: PM: (supports S0 S1 S4 S5)
7月 26 19:59:32 shootsecond kernel: ACPI: Using IOAPIC for interrupt routing
7月 26 19:59:32 shootsecond kernel: PCI: Using host bridge windows from ACPI; if necessary, use "pci=nocrs" and report a bug
7月 26 19:59:32 shootsecond kernel: PCI: Using E820 reservations for host bridge windows
7月 26 19:59:32 shootsecond kernel: ACPI: Enabled 4 GPEs in block 00 to 0F
7月 26 19:59:32 shootsecond kernel: ACPI: PCI Root Bridge [PCI0] (domain 0000 [bus 00-7f])
7月 26 19:59:32 shootsecond kernel: acpi PNP0A03:00: _OSC: OS supports [ExtendedConfig ASPM ClockPM Segments MSI EDR HPX-Type3]
7月 26 19:59:32 shootsecond kernel: acpi PNP0A03:00: _OSC: platform does not support [AER LTR DPC]
7月 26 19:59:32 shootsecond kernel: acpi PNP0A03:00: _OSC: OS now controls [PCIeHotplug SHPCHotplug PME PCIeCapability]
7月 26 19:59:32 shootsecond kernel: PCI host bridge to bus 0000:00
7月 26 19:59:32 shootsecond kernel: pci_bus 0000:00: root bus resource [mem 0x000a0000-0x000bffff window]
7月 26 19:59:32 shootsecond kernel: pci_bus 0000:00: root bus resource [mem 0x000d0000-0x000dbfff window]
7月 26 19:59:32 shootsecond kernel: pci_bus 0000:00: root bus resource [mem 0xc0000000-0xfebfffff window]
7月 26 19:59:32 shootsecond kernel: pci_bus 0000:00: root bus resource [io  0x0000-0x0cf7 window]
7月 26 19:59:32 shootsecond kernel: pci_bus 0000:00: root bus resource [io  0x0d00-0xfeff window]
7月 26 19:59:32 shootsecond kernel: pci_bus 0000:00: root bus resource [bus 00-7f]
7月 26 19:59:32 shootsecond kernel: pci 0000:00:00.0: [8086:7190] type 00 class 0x060000
7月 26 19:59:32 shootsecond kernel: pci 0000:00:01.0: [8086:7191] type 01 class 0x060400
7月 26 19:59:32 shootsecond kernel: pci 0000:00:07.0: [8086:7110] type 00 class 0x060100
7月 26 19:59:32 shootsecond kernel: pci 0000:00:07.1: [8086:7111] type 00 class 0x01018a
7月 26 19:59:32 shootsecond kernel: pci 0000:00:07.1: reg 0x20: [io  0x1060-0x106f]
7月 26 19:59:32 shootsecond kernel: pci 0000:00:07.1: legacy IDE quirk: reg 0x10: [io  0x01f0-0x01f7]
7月 26 19:59:32 shootsecond kernel: pci 0000:00:07.1: legacy IDE quirk: reg 0x14: [io  0x03f6]
7月 26 19:59:32 shootsecond kernel: pci 0000:00:07.1: legacy IDE quirk: reg 0x18: [io  0x0170-0x0177]
7月 26 19:59:32 shootsecond kernel: pci 0000:00:07.1: legacy IDE quirk: reg 0x1c: [io  0x0376]
7月 26 19:59:32 shootsecond kernel: pci 0000:00:07.3: [8086:7113] type 00 class 0x068000
7月 26 19:59:32 shootsecond kernel: pci 0000:00:07.3: quirk: [io  0x1000-0x103f] claimed by PIIX4 ACPI
7月 26 19:59:32 shootsecond kernel: pci 0000:00:07.3: quirk: [io  0x1040-0x104f] claimed by PIIX4 SMB
7月 26 19:59:32 shootsecond kernel: pci 0000:00:07.7: [15ad:0740] type 00 class 0x088000
7月 26 19:59:32 shootsecond kernel: pci 0000:00:07.7: reg 0x10: [io  0x1080-0x10bf]
7月 26 19:59:32 shootsecond kernel: pci 0000:00:07.7: reg 0x14: [mem 0xfebfe000-0xfebfffff 64bit]
7月 26 19:59:32 shootsecond kernel: pci 0000:00:0f.0: [15ad:0405] type 00 class 0x030000
7月 26 19:59:32 shootsecond kernel: pci 0000:00:0f.0: reg 0x10: [io  0x1070-0x107f]
7月 26 19:59:32 shootsecond kernel: pci 0000:00:0f.0: reg 0x14: [mem 0xe8000000-0xefffffff pref]
7月 26 19:59:32 shootsecond kernel: pci 0000:00:0f.0: reg 0x18: [mem 0xfe000000-0xfe7fffff]
7月 26 19:59:32 shootsecond kernel: pci 0000:00:0f.0: reg 0x30: [mem 0x00000000-0x00007fff pref]
7月 26 19:59:32 shootsecond kernel: pci 0000:00:0f.0: Video device with shadowed ROM at [mem 0x000c0000-0x000dffff]
7月 26 19:59:32 shootsecond kernel: pci 0000:00:10.0: [1000:0030] type 00 class 0x010000
7月 26 19:59:32 shootsecond kernel: pci 0000:00:10.0: reg 0x10: [io  0x1400-0x14ff]
7月 26 19:59:32 shootsecond kernel: pci 0000:00:10.0: reg 0x14: [mem 0xfeba0000-0xfebbffff 64bit]
7月 26 19:59:32 shootsecond kernel: pci 0000:00:10.0: reg 0x1c: [mem 0xfebc0000-0xfebdffff 64bit]
7月 26 19:59:32 shootsecond kernel: pci 0000:00:10.0: reg 0x30: [mem 0x00000000-0x00003fff pref]
7月 26 19:59:32 shootsecond kernel: pci 0000:00:11.0: [15ad:0790] type 01 class 0x060401
7月 26 19:59:32 shootsecond kernel: pci 0000:00:15.0: [15ad:07a0] type 01 class 0x060400
7月 26 19:59:32 shootsecond kernel: pci 0000:00:15.0: PME# supported from D0 D3hot D3cold
7月 26 19:59:32 shootsecond kernel: pci 0000:00:15.1: [15ad:07a0] type 01 class 0x060400
7月 26 19:59:32 shootsecond kernel: pci 0000:00:15.1: PME# supported from D0 D3hot D3cold
7月 26 19:59:32 shootsecond kernel: pci 0000:00:15.2: [15ad:07a0] type 01 class 0x060400
7月 26 19:59:32 shootsecond kernel: pci 0000:00:15.2: PME# supported from D0 D3hot D3cold
7月 26 19:59:32 shootsecond kernel: pci 0000:00:15.3: [15ad:07a0] type 01 class 0x060400
7月 26 19:59:32 shootsecond kernel: pci 0000:00:15.3: PME# supported from D0 D3hot D3cold
7月 26 19:59:32 shootsecond kernel: pci 0000:00:15.4: [15ad:07a0] type 01 class 0x060400
7月 26 19:59:32 shootsecond kernel: pci 0000:00:15.4: PME# supported from D0 D3hot D3cold
7月 26 19:59:32 shootsecond kernel: pci 0000:00:15.5: [15ad:07a0] type 01 class 0x060400
7月 26 19:59:32 shootsecond kernel: pci 0000:00:15.5: PME# supported from D0 D3hot D3cold
7月 26 19:59:32 shootsecond kernel: pci 0000:00:15.6: [15ad:07a0] type 01 class 0x060400
7月 26 19:59:32 shootsecond kernel: pci 0000:00:15.6: PME# supported from D0 D3hot D3cold
7月 26 19:59:32 shootsecond kernel: pci 0000:00:15.7: [15ad:07a0] type 01 class 0x060400
7月 26 19:59:32 shootsecond kernel: pci 0000:00:15.7: PME# supported from D0 D3hot D3cold
7月 26 19:59:32 shootsecond kernel: pci 0000:00:16.0: [15ad:07a0] type 01 class 0x060400
7月 26 19:59:32 shootsecond kernel: pci 0000:00:16.0: PME# supported from D0 D3hot D3cold
7月 26 19:59:32 shootsecond kernel: pci 0000:00:16.1: [15ad:07a0] type 01 class 0x060400
7月 26 19:59:32 shootsecond kernel: pci 0000:00:16.1: PME# supported from D0 D3hot D3cold
7月 26 19:59:32 shootsecond kernel: pci 0000:00:16.2: [15ad:07a0] type 01 class 0x060400
7月 26 19:59:32 shootsecond kernel: pci 0000:00:16.2: PME# supported from D0 D3hot D3cold
7月 26 19:59:32 shootsecond kernel: pci 0000:00:16.3: [15ad:07a0] type 01 class 0x060400
7月 26 19:59:32 shootsecond kernel: pci 0000:00:16.3: PME# supported from D0 D3hot D3cold
7月 26 19:59:32 shootsecond kernel: pci 0000:00:16.4: [15ad:07a0] type 01 class 0x060400
7月 26 19:59:32 shootsecond kernel: pci 0000:00:16.4: PME# supported from D0 D3hot D3cold
7月 26 19:59:32 shootsecond kernel: pci 0000:00:16.5: [15ad:07a0] type 01 class 0x060400
7月 26 19:59:32 shootsecond kernel: pci 0000:00:16.5: PME# supported from D0 D3hot D3cold
7月 26 19:59:32 shootsecond kernel: pci 0000:00:16.6: [15ad:07a0] type 01 class 0x060400
7月 26 19:59:32 shootsecond kernel: pci 0000:00:16.6: PME# supported from D0 D3hot D3cold
7月 26 19:59:32 shootsecond kernel: pci 0000:00:16.7: [15ad:07a0] type 01 class 0x060400
7月 26 19:59:32 shootsecond kernel: pci 0000:00:16.7: PME# supported from D0 D3hot D3cold
7月 26 19:59:32 shootsecond kernel: pci 0000:00:17.0: [15ad:07a0] type 01 class 0x060400
7月 26 19:59:32 shootsecond kernel: pci 0000:00:17.0: PME# supported from D0 D3hot D3cold
7月 26 19:59:32 shootsecond kernel: pci 0000:00:17.1: [15ad:07a0] type 01 class 0x060400
7月 26 19:59:32 shootsecond kernel: pci 0000:00:17.1: PME# supported from D0 D3hot D3cold
7月 26 19:59:32 shootsecond kernel: pci 0000:00:17.2: [15ad:07a0] type 01 class 0x060400
7月 26 19:59:32 shootsecond kernel: pci 0000:00:17.2: PME# supported from D0 D3hot D3cold
7月 26 19:59:32 shootsecond kernel: pci 0000:00:17.3: [15ad:07a0] type 01 class 0x060400
7月 26 19:59:32 shootsecond kernel: pci 0000:00:17.3: PME# supported from D0 D3hot D3cold
7月 26 19:59:32 shootsecond kernel: pci 0000:00:17.4: [15ad:07a0] type 01 class 0x060400
7月 26 19:59:32 shootsecond kernel: pci 0000:00:17.4: PME# supported from D0 D3hot D3cold
7月 26 19:59:32 shootsecond kernel: pci 0000:00:17.5: [15ad:07a0] type 01 class 0x060400
7月 26 19:59:32 shootsecond kernel: pci 0000:00:17.5: PME# supported from D0 D3hot D3cold
7月 26 19:59:32 shootsecond kernel: pci 0000:00:17.6: [15ad:07a0] type 01 class 0x060400
7月 26 19:59:32 shootsecond kernel: pci 0000:00:17.6: PME# supported from D0 D3hot D3cold
7月 26 19:59:32 shootsecond kernel: pci 0000:00:17.7: [15ad:07a0] type 01 class 0x060400
7月 26 19:59:32 shootsecond kernel: pci 0000:00:17.7: PME# supported from D0 D3hot D3cold
7月 26 19:59:32 shootsecond kernel: pci 0000:00:18.0: [15ad:07a0] type 01 class 0x060400
7月 26 19:59:32 shootsecond kernel: pci 0000:00:18.0: PME# supported from D0 D3hot D3cold
7月 26 19:59:32 shootsecond kernel: pci 0000:00:18.1: [15ad:07a0] type 01 class 0x060400
7月 26 19:59:32 shootsecond kernel: pci 0000:00:18.1: PME# supported from D0 D3hot D3cold
7月 26 19:59:32 shootsecond kernel: pci 0000:00:18.2: [15ad:07a0] type 01 class 0x060400
7月 26 19:59:32 shootsecond kernel: pci 0000:00:18.2: PME# supported from D0 D3hot D3cold
7月 26 19:59:32 shootsecond kernel: pci 0000:00:18.3: [15ad:07a0] type 01 class 0x060400
7月 26 19:59:32 shootsecond kernel: pci 0000:00:18.3: PME# supported from D0 D3hot D3cold
7月 26 19:59:32 shootsecond kernel: pci 0000:00:18.4: [15ad:07a0] type 01 class 0x060400
7月 26 19:59:32 shootsecond kernel: pci 0000:00:18.4: PME# supported from D0 D3hot D3cold
7月 26 19:59:32 shootsecond kernel: pci 0000:00:18.5: [15ad:07a0] type 01 class 0x060400
7月 26 19:59:32 shootsecond kernel: pci 0000:00:18.5: PME# supported from D0 D3hot D3cold
7月 26 19:59:32 shootsecond kernel: pci 0000:00:18.6: [15ad:07a0] type 01 class 0x060400
7月 26 19:59:32 shootsecond kernel: pci 0000:00:18.6: PME# supported from D0 D3hot D3cold
7月 26 19:59:32 shootsecond kernel: pci 0000:00:18.7: [15ad:07a0] type 01 class 0x060400
7月 26 19:59:32 shootsecond kernel: pci 0000:00:18.7: PME# supported from D0 D3hot D3cold
7月 26 19:59:32 shootsecond kernel: pci_bus 0000:01: extended config space not accessible
7月 26 19:59:32 shootsecond kernel: pci 0000:00:01.0: PCI bridge to [bus 01]
7月 26 19:59:32 shootsecond kernel: pci_bus 0000:02: extended config space not accessible
7月 26 19:59:32 shootsecond kernel: acpiphp: Slot [32] registered
7月 26 19:59:32 shootsecond kernel: acpiphp: Slot [33] registered
7月 26 19:59:32 shootsecond kernel: acpiphp: Slot [34] registered
7月 26 19:59:32 shootsecond kernel: acpiphp: Slot [35] registered
7月 26 19:59:32 shootsecond kernel: acpiphp: Slot [36] registered
7月 26 19:59:32 shootsecond kernel: acpiphp: Slot [37] registered
7月 26 19:59:32 shootsecond kernel: acpiphp: Slot [38] registered
7月 26 19:59:32 shootsecond kernel: acpiphp: Slot [39] registered
7月 26 19:59:32 shootsecond kernel: acpiphp: Slot [40] registered
7月 26 19:59:32 shootsecond kernel: acpiphp: Slot [41] registered
7月 26 19:59:32 shootsecond kernel: acpiphp: Slot [42] registered
7月 26 19:59:32 shootsecond kernel: acpiphp: Slot [43] registered
7月 26 19:59:32 shootsecond kernel: acpiphp: Slot [44] registered
7月 26 19:59:32 shootsecond kernel: acpiphp: Slot [45] registered
7月 26 19:59:32 shootsecond kernel: acpiphp: Slot [46] registered
7月 26 19:59:32 shootsecond kernel: acpiphp: Slot [47] registered
7月 26 19:59:32 shootsecond kernel: acpiphp: Slot [48] registered
7月 26 19:59:32 shootsecond kernel: acpiphp: Slot [49] registered
7月 26 19:59:32 shootsecond kernel: acpiphp: Slot [50] registered
7月 26 19:59:32 shootsecond kernel: acpiphp: Slot [51] registered
7月 26 19:59:32 shootsecond kernel: acpiphp: Slot [52] registered
7月 26 19:59:32 shootsecond kernel: acpiphp: Slot [53] registered
7月 26 19:59:32 shootsecond kernel: acpiphp: Slot [54] registered
7月 26 19:59:32 shootsecond kernel: acpiphp: Slot [55] registered
7月 26 19:59:32 shootsecond kernel: acpiphp: Slot [56] registered
7月 26 19:59:32 shootsecond kernel: acpiphp: Slot [57] registered
7月 26 19:59:32 shootsecond kernel: acpiphp: Slot [58] registered
7月 26 19:59:32 shootsecond kernel: acpiphp: Slot [59] registered
7月 26 19:59:32 shootsecond kernel: acpiphp: Slot [60] registered
7月 26 19:59:32 shootsecond kernel: acpiphp: Slot [61] registered
7月 26 19:59:32 shootsecond kernel: acpiphp: Slot [62] registered
7月 26 19:59:32 shootsecond kernel: acpiphp: Slot [63] registered
7月 26 19:59:32 shootsecond kernel: pci 0000:02:00.0: [15ad:0774] type 00 class 0x0c0300
7月 26 19:59:32 shootsecond kernel: pci 0000:02:00.0: reg 0x20: [io  0x2080-0x209f]
7月 26 19:59:32 shootsecond kernel: pci 0000:02:01.0: [8086:100f] type 00 class 0x020000
7月 26 19:59:32 shootsecond kernel: pci 0000:02:01.0: reg 0x10: [mem 0xfd5c0000-0xfd5dffff 64bit]
7月 26 19:59:32 shootsecond kernel: pci 0000:02:01.0: reg 0x18: [mem 0xfdff0000-0xfdffffff 64bit]
7月 26 19:59:32 shootsecond kernel: pci 0000:02:01.0: reg 0x20: [io  0x2000-0x203f]
7月 26 19:59:32 shootsecond kernel: pci 0000:02:01.0: reg 0x30: [mem 0x00000000-0x0000ffff pref]
7月 26 19:59:32 shootsecond kernel: pci 0000:02:01.0: PME# supported from D0 D3hot D3cold
7月 26 19:59:32 shootsecond kernel: pci 0000:02:02.0: [1274:1371] type 00 class 0x040100
7月 26 19:59:32 shootsecond kernel: pci 0000:02:02.0: reg 0x10: [io  0x2040-0x207f]
7月 26 19:59:32 shootsecond kernel: pci 0000:02:03.0: [15ad:0770] type 00 class 0x0c0320
7月 26 19:59:32 shootsecond kernel: pci 0000:02:03.0: reg 0x10: [mem 0xfd5ef000-0xfd5effff]
7月 26 19:59:32 shootsecond kernel: pci 0000:02:04.0: [15ad:07e0] type 00 class 0x010601
7月 26 19:59:32 shootsecond kernel: pci 0000:02:04.0: reg 0x24: [mem 0xfd5ee000-0xfd5eefff]
7月 26 19:59:32 shootsecond kernel: pci 0000:02:04.0: reg 0x30: [mem 0x00000000-0x0000ffff pref]
7月 26 19:59:32 shootsecond kernel: pci 0000:02:04.0: PME# supported from D3hot
7月 26 19:59:32 shootsecond kernel: pci 0000:00:11.0: PCI bridge to [bus 02] (subtractive decode)
7月 26 19:59:32 shootsecond kernel: pci 0000:00:11.0:   bridge window [io  0x2000-0x3fff]
7月 26 19:59:32 shootsecond kernel: pci 0000:00:11.0:   bridge window [mem 0xfd500000-0xfdffffff]
7月 26 19:59:32 shootsecond kernel: pci 0000:00:11.0:   bridge window [mem 0xe7b00000-0xe7ffffff 64bit pref]
7月 26 19:59:32 shootsecond kernel: pci 0000:00:11.0:   bridge window [mem 0x000a0000-0x000bffff window] (subtractive decode)
7月 26 19:59:32 shootsecond kernel: pci 0000:00:11.0:   bridge window [mem 0x000d0000-0x000dbfff window] (subtractive decode)
7月 26 19:59:32 shootsecond kernel: pci 0000:00:11.0:   bridge window [mem 0xc0000000-0xfebfffff window] (subtractive decode)
7月 26 19:59:32 shootsecond kernel: pci 0000:00:11.0:   bridge window [io  0x0000-0x0cf7 window] (subtractive decode)
7月 26 19:59:32 shootsecond kernel: pci 0000:00:11.0:   bridge window [io  0x0d00-0xfeff window] (subtractive decode)
7月 26 19:59:32 shootsecond kernel: pci 0000:00:15.0: PCI bridge to [bus 03]
7月 26 19:59:32 shootsecond kernel: pci 0000:00:15.0:   bridge window [io  0x4000-0x4fff]
7月 26 19:59:32 shootsecond kernel: pci 0000:00:15.0:   bridge window [mem 0xfd400000-0xfd4fffff]
7月 26 19:59:32 shootsecond kernel: pci 0000:00:15.0:   bridge window [mem 0xe7a00000-0xe7afffff 64bit pref]
7月 26 19:59:32 shootsecond kernel: pci 0000:00:15.1: PCI bridge to [bus 04]
7月 26 19:59:32 shootsecond kernel: pci 0000:00:15.1:   bridge window [io  0x8000-0x8fff]
7月 26 19:59:32 shootsecond kernel: pci 0000:00:15.1:   bridge window [mem 0xfd000000-0xfd0fffff]
7月 26 19:59:32 shootsecond kernel: pci 0000:00:15.1:   bridge window [mem 0xe7600000-0xe76fffff 64bit pref]
7月 26 19:59:32 shootsecond kernel: pci 0000:00:15.2: PCI bridge to [bus 05]
7月 26 19:59:32 shootsecond kernel: pci 0000:00:15.2:   bridge window [io  0xc000-0xcfff]
7月 26 19:59:32 shootsecond kernel: pci 0000:00:15.2:   bridge window [mem 0xfcc00000-0xfccfffff]
7月 26 19:59:32 shootsecond kernel: pci 0000:00:15.2:   bridge window [mem 0xe7200000-0xe72fffff 64bit pref]
7月 26 19:59:32 shootsecond kernel: pci 0000:00:15.3: PCI bridge to [bus 06]
7月 26 19:59:32 shootsecond kernel: pci 0000:00:15.3:   bridge window [mem 0xfc800000-0xfc8fffff]
7月 26 19:59:32 shootsecond kernel: pci 0000:00:15.3:   bridge window [mem 0xe6e00000-0xe6efffff 64bit pref]
7月 26 19:59:32 shootsecond kernel: pci 0000:00:15.4: PCI bridge to [bus 07]
7月 26 19:59:32 shootsecond kernel: pci 0000:00:15.4:   bridge window [mem 0xfc400000-0xfc4fffff]
7月 26 19:59:32 shootsecond kernel: pci 0000:00:15.4:   bridge window [mem 0xe6a00000-0xe6afffff 64bit pref]
7月 26 19:59:32 shootsecond kernel: pci 0000:00:15.5: PCI bridge to [bus 08]
7月 26 19:59:32 shootsecond kernel: pci 0000:00:15.5:   bridge window [mem 0xfc000000-0xfc0fffff]
7月 26 19:59:32 shootsecond kernel: pci 0000:00:15.5:   bridge window [mem 0xe6600000-0xe66fffff 64bit pref]
7月 26 19:59:32 shootsecond kernel: pci 0000:00:15.6: PCI bridge to [bus 09]
7月 26 19:59:32 shootsecond kernel: pci 0000:00:15.6:   bridge window [mem 0xfbc00000-0xfbcfffff]
7月 26 19:59:32 shootsecond kernel: pci 0000:00:15.6:   bridge window [mem 0xe6200000-0xe62fffff 64bit pref]
7月 26 19:59:32 shootsecond kernel: pci 0000:00:15.7: PCI bridge to [bus 0a]
7月 26 19:59:32 shootsecond kernel: pci 0000:00:15.7:   bridge window [mem 0xfb800000-0xfb8fffff]
7月 26 19:59:32 shootsecond kernel: pci 0000:00:15.7:   bridge window [mem 0xe5e00000-0xe5efffff 64bit pref]
7月 26 19:59:32 shootsecond kernel: pci 0000:00:16.0: PCI bridge to [bus 0b]
7月 26 19:59:32 shootsecond kernel: pci 0000:00:16.0:   bridge window [io  0x5000-0x5fff]
7月 26 19:59:32 shootsecond kernel: pci 0000:00:16.0:   bridge window [mem 0xfd300000-0xfd3fffff]
7月 26 19:59:32 shootsecond kernel: pci 0000:00:16.0:   bridge window [mem 0xe7900000-0xe79fffff 64bit pref]
7月 26 19:59:32 shootsecond kernel: pci 0000:00:16.1: PCI bridge to [bus 0c]
7月 26 19:59:32 shootsecond kernel: pci 0000:00:16.1:   bridge window [io  0x9000-0x9fff]
7月 26 19:59:32 shootsecond kernel: pci 0000:00:16.1:   bridge window [mem 0xfcf00000-0xfcffffff]
7月 26 19:59:32 shootsecond kernel: pci 0000:00:16.1:   bridge window [mem 0xe7500000-0xe75fffff 64bit pref]
7月 26 19:59:32 shootsecond kernel: pci 0000:00:16.2: PCI bridge to [bus 0d]
7月 26 19:59:32 shootsecond kernel: pci 0000:00:16.2:   bridge window [io  0xd000-0xdfff]
7月 26 19:59:32 shootsecond kernel: pci 0000:00:16.2:   bridge window [mem 0xfcb00000-0xfcbfffff]
7月 26 19:59:32 shootsecond kernel: pci 0000:00:16.2:   bridge window [mem 0xe7100000-0xe71fffff 64bit pref]
7月 26 19:59:32 shootsecond kernel: pci 0000:00:16.3: PCI bridge to [bus 0e]
7月 26 19:59:32 shootsecond kernel: pci 0000:00:16.3:   bridge window [mem 0xfc700000-0xfc7fffff]
7月 26 19:59:32 shootsecond kernel: pci 0000:00:16.3:   bridge window [mem 0xe6d00000-0xe6dfffff 64bit pref]
7月 26 19:59:32 shootsecond kernel: pci 0000:00:16.4: PCI bridge to [bus 0f]
7月 26 19:59:32 shootsecond kernel: pci 0000:00:16.4:   bridge window [mem 0xfc300000-0xfc3fffff]
7月 26 19:59:32 shootsecond kernel: pci 0000:00:16.4:   bridge window [mem 0xe6900000-0xe69fffff 64bit pref]
7月 26 19:59:32 shootsecond kernel: pci 0000:00:16.5: PCI bridge to [bus 10]
7月 26 19:59:32 shootsecond kernel: pci 0000:00:16.5:   bridge window [mem 0xfbf00000-0xfbffffff]
7月 26 19:59:32 shootsecond kernel: pci 0000:00:16.5:   bridge window [mem 0xe6500000-0xe65fffff 64bit pref]
7月 26 19:59:32 shootsecond kernel: pci 0000:00:16.6: PCI bridge to [bus 11]
7月 26 19:59:32 shootsecond kernel: pci 0000:00:16.6:   bridge window [mem 0xfbb00000-0xfbbfffff]
7月 26 19:59:32 shootsecond kernel: pci 0000:00:16.6:   bridge window [mem 0xe6100000-0xe61fffff 64bit pref]
7月 26 19:59:32 shootsecond kernel: pci 0000:00:16.7: PCI bridge to [bus 12]
7月 26 19:59:32 shootsecond kernel: pci 0000:00:16.7:   bridge window [mem 0xfb700000-0xfb7fffff]
7月 26 19:59:32 shootsecond kernel: pci 0000:00:16.7:   bridge window [mem 0xe5d00000-0xe5dfffff 64bit pref]
7月 26 19:59:32 shootsecond kernel: pci 0000:00:17.0: PCI bridge to [bus 13]
7月 26 19:59:32 shootsecond kernel: pci 0000:00:17.0:   bridge window [io  0x6000-0x6fff]
7月 26 19:59:32 shootsecond kernel: pci 0000:00:17.0:   bridge window [mem 0xfd200000-0xfd2fffff]
7月 26 19:59:32 shootsecond kernel: pci 0000:00:17.0:   bridge window [mem 0xe7800000-0xe78fffff 64bit pref]
7月 26 19:59:32 shootsecond kernel: pci 0000:00:17.1: PCI bridge to [bus 14]
7月 26 19:59:32 shootsecond kernel: pci 0000:00:17.1:   bridge window [io  0xa000-0xafff]
7月 26 19:59:32 shootsecond kernel: pci 0000:00:17.1:   bridge window [mem 0xfce00000-0xfcefffff]
7月 26 19:59:32 shootsecond kernel: pci 0000:00:17.1:   bridge window [mem 0xe7400000-0xe74fffff 64bit pref]
7月 26 19:59:32 shootsecond kernel: pci 0000:00:17.2: PCI bridge to [bus 15]
7月 26 19:59:32 shootsecond kernel: pci 0000:00:17.2:   bridge window [io  0xe000-0xefff]
7月 26 19:59:32 shootsecond kernel: pci 0000:00:17.2:   bridge window [mem 0xfca00000-0xfcafffff]
7月 26 19:59:32 shootsecond kernel: pci 0000:00:17.2:   bridge window [mem 0xe7000000-0xe70fffff 64bit pref]
7月 26 19:59:32 shootsecond kernel: pci 0000:00:17.3: PCI bridge to [bus 16]
7月 26 19:59:32 shootsecond kernel: pci 0000:00:17.3:   bridge window [mem 0xfc600000-0xfc6fffff]
7月 26 19:59:32 shootsecond kernel: pci 0000:00:17.3:   bridge window [mem 0xe6c00000-0xe6cfffff 64bit pref]
7月 26 19:59:32 shootsecond kernel: pci 0000:00:17.4: PCI bridge to [bus 17]
7月 26 19:59:32 shootsecond kernel: pci 0000:00:17.4:   bridge window [mem 0xfc200000-0xfc2fffff]
7月 26 19:59:32 shootsecond kernel: pci 0000:00:17.4:   bridge window [mem 0xe6800000-0xe68fffff 64bit pref]
7月 26 19:59:32 shootsecond kernel: pci 0000:00:17.5: PCI bridge to [bus 18]
7月 26 19:59:32 shootsecond kernel: pci 0000:00:17.5:   bridge window [mem 0xfbe00000-0xfbefffff]
7月 26 19:59:32 shootsecond kernel: pci 0000:00:17.5:   bridge window [mem 0xe6400000-0xe64fffff 64bit pref]
7月 26 19:59:32 shootsecond kernel: pci 0000:00:17.6: PCI bridge to [bus 19]
7月 26 19:59:32 shootsecond kernel: pci 0000:00:17.6:   bridge window [mem 0xfba00000-0xfbafffff]
7月 26 19:59:32 shootsecond kernel: pci 0000:00:17.6:   bridge window [mem 0xe6000000-0xe60fffff 64bit pref]
7月 26 19:59:32 shootsecond kernel: pci 0000:00:17.7: PCI bridge to [bus 1a]
7月 26 19:59:32 shootsecond kernel: pci 0000:00:17.7:   bridge window [mem 0xfb600000-0xfb6fffff]
7月 26 19:59:32 shootsecond kernel: pci 0000:00:17.7:   bridge window [mem 0xe5c00000-0xe5cfffff 64bit pref]
7月 26 19:59:32 shootsecond kernel: pci 0000:00:18.0: PCI bridge to [bus 1b]
7月 26 19:59:32 shootsecond kernel: pci 0000:00:18.0:   bridge window [io  0x7000-0x7fff]
7月 26 19:59:32 shootsecond kernel: pci 0000:00:18.0:   bridge window [mem 0xfd100000-0xfd1fffff]
7月 26 19:59:32 shootsecond kernel: pci 0000:00:18.0:   bridge window [mem 0xe7700000-0xe77fffff 64bit pref]
7月 26 19:59:32 shootsecond kernel: pci 0000:00:18.1: PCI bridge to [bus 1c]
7月 26 19:59:32 shootsecond kernel: pci 0000:00:18.1:   bridge window [io  0xb000-0xbfff]
7月 26 19:59:32 shootsecond kernel: pci 0000:00:18.1:   bridge window [mem 0xfcd00000-0xfcdfffff]
7月 26 19:59:32 shootsecond kernel: pci 0000:00:18.1:   bridge window [mem 0xe7300000-0xe73fffff 64bit pref]
7月 26 19:59:32 shootsecond kernel: pci 0000:00:18.2: PCI bridge to [bus 1d]
7月 26 19:59:32 shootsecond kernel: pci 0000:00:18.2:   bridge window [mem 0xfc900000-0xfc9fffff]
7月 26 19:59:32 shootsecond kernel: pci 0000:00:18.2:   bridge window [mem 0xe6f00000-0xe6ffffff 64bit pref]
7月 26 19:59:32 shootsecond kernel: pci 0000:00:18.3: PCI bridge to [bus 1e]
7月 26 19:59:32 shootsecond kernel: pci 0000:00:18.3:   bridge window [mem 0xfc500000-0xfc5fffff]
7月 26 19:59:32 shootsecond kernel: pci 0000:00:18.3:   bridge window [mem 0xe6b00000-0xe6bfffff 64bit pref]
7月 26 19:59:32 shootsecond kernel: pci 0000:00:18.4: PCI bridge to [bus 1f]
7月 26 19:59:32 shootsecond kernel: pci 0000:00:18.4:   bridge window [mem 0xfc100000-0xfc1fffff]
7月 26 19:59:32 shootsecond kernel: pci 0000:00:18.4:   bridge window [mem 0xe6700000-0xe67fffff 64bit pref]
7月 26 19:59:32 shootsecond kernel: pci 0000:00:18.5: PCI bridge to [bus 20]
7月 26 19:59:32 shootsecond kernel: pci 0000:00:18.5:   bridge window [mem 0xfbd00000-0xfbdfffff]
7月 26 19:59:32 shootsecond kernel: pci 0000:00:18.5:   bridge window [mem 0xe6300000-0xe63fffff 64bit pref]
7月 26 19:59:32 shootsecond kernel: pci 0000:00:18.6: PCI bridge to [bus 21]
7月 26 19:59:32 shootsecond kernel: pci 0000:00:18.6:   bridge window [mem 0xfb900000-0xfb9fffff]
7月 26 19:59:32 shootsecond kernel: pci 0000:00:18.6:   bridge window [mem 0xe5f00000-0xe5ffffff 64bit pref]
7月 26 19:59:32 shootsecond kernel: pci 0000:00:18.7: PCI bridge to [bus 22]
7月 26 19:59:32 shootsecond kernel: pci 0000:00:18.7:   bridge window [mem 0xfb500000-0xfb5fffff]
7月 26 19:59:32 shootsecond kernel: pci 0000:00:18.7:   bridge window [mem 0xe5b00000-0xe5bfffff 64bit pref]
7月 26 19:59:32 shootsecond kernel: ACPI: PCI: Interrupt link LNKA configured for IRQ 9
7月 26 19:59:32 shootsecond kernel: ACPI: PCI: Interrupt link LNKB configured for IRQ 11
7月 26 19:59:32 shootsecond kernel: ACPI: PCI: Interrupt link LNKC configured for IRQ 10
7月 26 19:59:32 shootsecond kernel: ACPI: PCI: Interrupt link LNKD configured for IRQ 7
7月 26 19:59:32 shootsecond kernel: iommu: Default domain type: Translated
7月 26 19:59:32 shootsecond kernel: iommu: DMA domain TLB invalidation policy: lazy mode
7月 26 19:59:32 shootsecond kernel: SCSI subsystem initialized
7月 26 19:59:32 shootsecond kernel: libata version 3.00 loaded.
7月 26 19:59:32 shootsecond kernel: ACPI: bus type USB registered
7月 26 19:59:32 shootsecond kernel: usbcore: registered new interface driver usbfs
7月 26 19:59:32 shootsecond kernel: usbcore: registered new interface driver hub
7月 26 19:59:32 shootsecond kernel: usbcore: registered new device driver usb
7月 26 19:59:32 shootsecond kernel: pps_core: LinuxPPS API ver. 1 registered
7月 26 19:59:32 shootsecond kernel: pps_core: Software ver. 5.3.6 - Copyright 2005-2007 Rodolfo Giometti <giometti@linux.it>
7月 26 19:59:32 shootsecond kernel: PTP clock support registered
7月 26 19:59:32 shootsecond kernel: EDAC MC: Ver: 3.0.0
7月 26 19:59:32 shootsecond kernel: NetLabel: Initializing
7月 26 19:59:32 shootsecond kernel: NetLabel:  domain hash size = 128
7月 26 19:59:32 shootsecond kernel: NetLabel:  protocols = UNLABELED CIPSOv4 CALIPSO
7月 26 19:59:32 shootsecond kernel: NetLabel:  unlabeled traffic allowed by default
7月 26 19:59:32 shootsecond kernel: mctp: management component transport protocol core
7月 26 19:59:32 shootsecond kernel: NET: Registered PF_MCTP protocol family
7月 26 19:59:32 shootsecond kernel: PCI: Using ACPI for IRQ routing
7月 26 19:59:32 shootsecond kernel: PCI: pci_cache_line_size set to 64 bytes
7月 26 19:59:32 shootsecond kernel: e820: reserve RAM buffer [mem 0x0009e800-0x0009ffff]
7月 26 19:59:32 shootsecond kernel: e820: reserve RAM buffer [mem 0xbfed0000-0xbfffffff]
7月 26 19:59:32 shootsecond kernel: pci 0000:00:0f.0: vgaarb: setting as boot VGA device
7月 26 19:59:32 shootsecond kernel: pci 0000:00:0f.0: vgaarb: bridge control possible
7月 26 19:59:32 shootsecond kernel: pci 0000:00:0f.0: vgaarb: VGA device added: decodes=io+mem,owns=io+mem,locks=none
7月 26 19:59:32 shootsecond kernel: vgaarb: loaded
7月 26 19:59:32 shootsecond kernel: hpet0: at MMIO 0xfed00000, IRQs 2, 8, 0, 0, 0, 0, 0, 0, 0, 0, 0, 0, 0, 0, 0, 0
7月 26 19:59:32 shootsecond kernel: hpet0: 16 comparators, 64-bit 14.318180 MHz counter
7月 26 19:59:32 shootsecond kernel: clocksource: Switched to clocksource tsc-early
7月 26 19:59:32 shootsecond kernel: VFS: Disk quotas dquot_6.6.0
7月 26 19:59:32 shootsecond kernel: VFS: Dquot-cache hash table entries: 512 (order 0, 4096 bytes)
7月 26 19:59:32 shootsecond kernel: AppArmor: AppArmor Filesystem Enabled
7月 26 19:59:32 shootsecond kernel: pnp: PnP ACPI init
7月 26 19:59:32 shootsecond kernel: system 00:00: [io  0x1000-0x103f] has been reserved
7月 26 19:59:32 shootsecond kernel: system 00:00: [io  0x1040-0x104f] has been reserved
7月 26 19:59:32 shootsecond kernel: system 00:00: [io  0x0cf0-0x0cf1] has been reserved
7月 26 19:59:32 shootsecond kernel: system 00:04: [mem 0xfed00000-0xfed003ff] has been reserved
7月 26 19:59:32 shootsecond kernel: system 00:06: [io  0xfce0-0xfcff] has been reserved
7月 26 19:59:32 shootsecond kernel: system 00:06: [mem 0xf0000000-0xf7ffffff] has been reserved
7月 26 19:59:32 shootsecond kernel: system 00:06: [mem 0xfe800000-0xfe9fffff] has been reserved
7月 26 19:59:32 shootsecond kernel: pnp: PnP ACPI: found 7 devices
7月 26 19:59:32 shootsecond kernel: clocksource: acpi_pm: mask: 0xffffff max_cycles: 0xffffff, max_idle_ns: 2085701024 ns
7月 26 19:59:32 shootsecond kernel: NET: Registered PF_INET protocol family
7月 26 19:59:32 shootsecond kernel: IP idents hash table entries: 131072 (order: 8, 1048576 bytes, linear)
7月 26 19:59:32 shootsecond kernel: tcp_listen_portaddr_hash hash table entries: 4096 (order: 4, 65536 bytes, linear)
7月 26 19:59:32 shootsecond kernel: Table-perturb hash table entries: 65536 (order: 6, 262144 bytes, linear)
7月 26 19:59:32 shootsecond kernel: TCP established hash table entries: 65536 (order: 7, 524288 bytes, linear)
7月 26 19:59:32 shootsecond kernel: TCP bind hash table entries: 65536 (order: 9, 2097152 bytes, linear)
7月 26 19:59:32 shootsecond kernel: TCP: Hash tables configured (established 65536 bind 65536)
7月 26 19:59:32 shootsecond kernel: MPTCP token hash table entries: 8192 (order: 5, 196608 bytes, linear)
7月 26 19:59:32 shootsecond kernel: UDP hash table entries: 4096 (order: 5, 131072 bytes, linear)
7月 26 19:59:32 shootsecond kernel: UDP-Lite hash table entries: 4096 (order: 5, 131072 bytes, linear)
7月 26 19:59:32 shootsecond kernel: NET: Registered PF_UNIX/PF_LOCAL protocol family
7月 26 19:59:32 shootsecond kernel: NET: Registered PF_XDP protocol family
7月 26 19:59:32 shootsecond kernel: pci 0000:00:15.3: bridge window [io  0x1000-0x0fff] to [bus 06] add_size 1000
7月 26 19:59:32 shootsecond kernel: pci 0000:00:15.4: bridge window [io  0x1000-0x0fff] to [bus 07] add_size 1000
7月 26 19:59:32 shootsecond kernel: pci 0000:00:15.5: bridge window [io  0x1000-0x0fff] to [bus 08] add_size 1000
7月 26 19:59:32 shootsecond kernel: pci 0000:00:15.6: bridge window [io  0x1000-0x0fff] to [bus 09] add_size 1000
7月 26 19:59:32 shootsecond kernel: pci 0000:00:15.7: bridge window [io  0x1000-0x0fff] to [bus 0a] add_size 1000
7月 26 19:59:32 shootsecond kernel: pci 0000:00:16.3: bridge window [io  0x1000-0x0fff] to [bus 0e] add_size 1000
7月 26 19:59:32 shootsecond kernel: pci 0000:00:16.4: bridge window [io  0x1000-0x0fff] to [bus 0f] add_size 1000
7月 26 19:59:32 shootsecond kernel: pci 0000:00:16.5: bridge window [io  0x1000-0x0fff] to [bus 10] add_size 1000
7月 26 19:59:32 shootsecond kernel: pci 0000:00:16.6: bridge window [io  0x1000-0x0fff] to [bus 11] add_size 1000
7月 26 19:59:32 shootsecond kernel: pci 0000:00:16.7: bridge window [io  0x1000-0x0fff] to [bus 12] add_size 1000
7月 26 19:59:32 shootsecond kernel: pci 0000:00:17.3: bridge window [io  0x1000-0x0fff] to [bus 16] add_size 1000
7月 26 19:59:32 shootsecond kernel: pci 0000:00:17.4: bridge window [io  0x1000-0x0fff] to [bus 17] add_size 1000
7月 26 19:59:32 shootsecond kernel: pci 0000:00:17.5: bridge window [io  0x1000-0x0fff] to [bus 18] add_size 1000
7月 26 19:59:32 shootsecond kernel: pci 0000:00:17.6: bridge window [io  0x1000-0x0fff] to [bus 19] add_size 1000
7月 26 19:59:32 shootsecond kernel: pci 0000:00:17.7: bridge window [io  0x1000-0x0fff] to [bus 1a] add_size 1000
7月 26 19:59:32 shootsecond kernel: pci 0000:00:18.2: bridge window [io  0x1000-0x0fff] to [bus 1d] add_size 1000
7月 26 19:59:32 shootsecond kernel: pci 0000:00:18.3: bridge window [io  0x1000-0x0fff] to [bus 1e] add_size 1000
7月 26 19:59:32 shootsecond kernel: pci 0000:00:18.4: bridge window [io  0x1000-0x0fff] to [bus 1f] add_size 1000
7月 26 19:59:32 shootsecond kernel: pci 0000:00:18.5: bridge window [io  0x1000-0x0fff] to [bus 20] add_size 1000
7月 26 19:59:32 shootsecond kernel: pci 0000:00:18.6: bridge window [io  0x1000-0x0fff] to [bus 21] add_size 1000
7月 26 19:59:32 shootsecond kernel: pci 0000:00:18.7: bridge window [io  0x1000-0x0fff] to [bus 22] add_size 1000
7月 26 19:59:32 shootsecond kernel: pci 0000:00:10.0: BAR 6: assigned [mem 0xc0000000-0xc0003fff pref]
7月 26 19:59:32 shootsecond kernel: pci 0000:00:15.3: BAR 13: no space for [io  size 0x1000]
7月 26 19:59:32 shootsecond kernel: pci 0000:00:15.3: BAR 13: failed to assign [io  size 0x1000]
7月 26 19:59:32 shootsecond kernel: pci 0000:00:15.4: BAR 13: no space for [io  size 0x1000]
7月 26 19:59:32 shootsecond kernel: pci 0000:00:15.4: BAR 13: failed to assign [io  size 0x1000]
7月 26 19:59:32 shootsecond kernel: pci 0000:00:15.5: BAR 13: no space for [io  size 0x1000]
7月 26 19:59:32 shootsecond kernel: pci 0000:00:15.5: BAR 13: failed to assign [io  size 0x1000]
7月 26 19:59:32 shootsecond kernel: pci 0000:00:15.6: BAR 13: no space for [io  size 0x1000]
7月 26 19:59:32 shootsecond kernel: pci 0000:00:15.6: BAR 13: failed to assign [io  size 0x1000]
7月 26 19:59:32 shootsecond kernel: pci 0000:00:15.7: BAR 13: no space for [io  size 0x1000]
7月 26 19:59:32 shootsecond kernel: pci 0000:00:15.7: BAR 13: failed to assign [io  size 0x1000]
7月 26 19:59:32 shootsecond kernel: pci 0000:00:16.3: BAR 13: no space for [io  size 0x1000]
7月 26 19:59:32 shootsecond kernel: pci 0000:00:16.3: BAR 13: failed to assign [io  size 0x1000]
7月 26 19:59:32 shootsecond kernel: pci 0000:00:16.4: BAR 13: no space for [io  size 0x1000]
7月 26 19:59:32 shootsecond kernel: pci 0000:00:16.4: BAR 13: failed to assign [io  size 0x1000]
7月 26 19:59:32 shootsecond kernel: pci 0000:00:16.5: BAR 13: no space for [io  size 0x1000]
7月 26 19:59:32 shootsecond kernel: pci 0000:00:16.5: BAR 13: failed to assign [io  size 0x1000]
7月 26 19:59:32 shootsecond kernel: pci 0000:00:16.6: BAR 13: no space for [io  size 0x1000]
7月 26 19:59:32 shootsecond kernel: pci 0000:00:16.6: BAR 13: failed to assign [io  size 0x1000]
7月 26 19:59:32 shootsecond kernel: pci 0000:00:16.7: BAR 13: no space for [io  size 0x1000]
7月 26 19:59:32 shootsecond kernel: pci 0000:00:16.7: BAR 13: failed to assign [io  size 0x1000]
7月 26 19:59:32 shootsecond kernel: pci 0000:00:17.3: BAR 13: no space for [io  size 0x1000]
7月 26 19:59:32 shootsecond kernel: pci 0000:00:17.3: BAR 13: failed to assign [io  size 0x1000]
7月 26 19:59:32 shootsecond kernel: pci 0000:00:17.4: BAR 13: no space for [io  size 0x1000]
7月 26 19:59:32 shootsecond kernel: pci 0000:00:17.4: BAR 13: failed to assign [io  size 0x1000]
7月 26 19:59:32 shootsecond kernel: pci 0000:00:17.5: BAR 13: no space for [io  size 0x1000]
7月 26 19:59:32 shootsecond kernel: pci 0000:00:17.5: BAR 13: failed to assign [io  size 0x1000]
